../Core/Inc/gimbal.hpp:33:10:bool Gimbal::parse_one_block(const uint8_t*, PixyBlock*)	40	static
../Core/Inc/gimbal.hpp:56:10:void Gimbal::handle_block(const PixyBlock&)	16	static
../Core/Inc/gimbal.hpp:70:10:void Gimbal::process_bytes(uint8_t*, uint16_t)	48	static
../Core/Inc/gimbal.hpp:97:10:void Gimbal::init(TIM_HandleTypeDef*, TIM_HandleTypeDef*, UART_HandleTypeDef*)	32	static
../Core/Inc/gimbal.hpp:123:10:void Gimbal::request_pos()	16	static
../Core/Inc/gimbal.hpp:128:10:void Gimbal::poll_dma()	24	static
../Core/Inc/gimbal.hpp:144:14:uint16_t Gimbal::calculate_A_v(uint16_t, uint16_t)	24	static
../Core/Inc/gimbal.hpp:158:14:uint16_t Gimbal::calculate_A_h(uint16_t, uint16_t)	24	static
../Core/Inc/gimbal.hpp:94:5:Gimbal::Gimbal()	16	static
../Core/Src/hearmeout.cpp:20:6:void event_loop()	8	static
../Core/Src/hearmeout.cpp:27:6:void init()	8	static
../Core/Src/hearmeout.cpp:37:6:void HAL_TIM_PeriodElapsedCallback(TIM_HandleTypeDef*)	16	static
../Core/Src/hearmeout.cpp:43:6:void HAL_PostInit()	8	static
../Core/Src/hearmeout.cpp:47:1:void __static_initialization_and_destruction_0()	8	static
../Core/Src/hearmeout.cpp:47:1:cpp)	8	static
