../Core/Inc/transducer.hpp:15:2:Transducer::Transducer(TIM_HandleTypeDef*, uint16_t, uint16_t, uint8_t)	24	static
../Core/Inc/transducer.hpp:28:7:void Transducer::play_sound(float)	24	static
../Core/Inc/transducer.hpp:42:7:void Transducer::stop()	16	static
../Core/Inc/transducer.hpp:12:2:Transducer::Transducer()	16	static
../Core/Src/hearmeout.cpp:12:6:void event_loop()	4	static
../Core/Src/hearmeout.cpp:16:6:void init()	32	static
../Core/Src/hearmeout.cpp:25:6:void HAL_TIM_OC_DelayElapsedCallback(TIM_HandleTypeDef*)	16	static
../Core/Src/hearmeout.cpp:34:6:void HAL_PostInit()	8	static
../Core/Src/hearmeout.cpp:38:1:void __static_initialization_and_destruction_0()	8	static
../Core/Src/hearmeout.cpp:38:1:cpp)	8	static
