../Core/Src/main.c:89:5:main	8	static
../Core/Src/main.c:242:6:SystemClock_Config	96	static
../Core/Src/main.c:293:13:MX_LPUART1_UART_Init	8	static
../Core/Src/main.c:341:13:MX_USART2_UART_Init	8	static
../Core/Src/main.c:389:13:MX_SPI1_Init	8	static
../Core/Src/main.c:429:13:MX_TIM1_Init	112	static
../Core/Src/main.c:509:13:MX_TIM2_Init	64	static
../Core/Src/main.c:572:13:MX_TIM3_Init	64	static
../Core/Src/main.c:635:13:MX_TIM4_Init	64	static
../Core/Src/main.c:698:13:MX_TIM5_Init	40	static
../Core/Src/main.c:741:13:MX_DMA_Init	16	static
../Core/Src/main.c:772:13:MX_GPIO_Init	48	static
../Core/Src/main.c:808:1:__io_putchar	16	static
../Core/Src/main.c:820:6:Error_Handler	4	static,ignoring_inline_asm
