../Core/Inc/sd.hpp:22:11:uint16_t SD::resample_CCR(int16_t)	32	static
../Core/Inc/sd.hpp:30:10:FRESULT SD::wav_seek_to_data(uint32_t*)	48	static
../Core/Inc/sd.hpp:64:7:void SD::fill_from_wav(uint16_t*)	48	static
../Core/Inc/sd.hpp:87:7:void SD::init(const char*, TIM_HandleTypeDef*, DMA_HandleTypeDef*)	32	static
../Core/Inc/sd.hpp:123:7:void SD::handle_dma_cb()	24	static
../Core/Inc/sd.hpp:142:7:void SD::check_prod()	16	static
../Core/Inc/sd.hpp:85:2:SD::SD()	16	static
../Core/Src/hearmeout.cpp:15:6:void event_loop()	8	static
../Core/Src/hearmeout.cpp:22:6:void init()	8	static
../Core/Src/hearmeout.cpp:30:6:void HAL_DMA_XferCpltCallback(DMA_HandleTypeDef*)	16	static
../Core/Src/hearmeout.cpp:36:6:void HAL_PostInit()	8	static
../Core/Src/hearmeout.cpp:40:1:void __static_initialization_and_destruction_0()	8	static
../Core/Src/hearmeout.cpp:40:1:cpp)	8	static
