../Core/Src/main.c:73:5:_write	24	static
../Core/Src/main.c:80:6:gen_sine_ccr	56	static
../Core/Src/main.c:102:6:gen_flipping_ccr	40	static
../Core/Src/main.c:125:5:main	576	static
../Core/Src/main.c:204:6:SystemClock_Config	96	static
../Core/Src/main.c:255:13:MX_LPUART1_UART_Init	8	static
../Core/Src/main.c:303:13:MX_SPI1_Init	8	static
../Core/Src/main.c:343:13:MX_TIM1_Init	112	static
../Core/Src/main.c:423:13:MX_TIM2_Init	64	static
../Core/Src/main.c:480:13:MX_DMA_Init	16	static
../Core/Src/main.c:505:13:MX_GPIO_Init	56	static
../Core/Src/main.c:599:6:Error_Handler	4	static,ignoring_inline_asm
