../Core/Src/sd_functions.c:42:5:sd_get_space_kb	40	static
../Core/Src/sd_functions.c:56:5:sd_mount	16	static
../Core/Src/sd_functions.c:119:5:sd_unmount	16	static
../Core/Src/sd_functions.c:125:5:sd_write_file	4168	static
../Core/Src/sd_functions.c:137:5:sd_append_file	4168	static
../Core/Src/sd_functions.c:155:5:sd_open_file	4168	static
../Core/Src/sd_functions.c:166:5:sd_read	32	static
../Core/Src/sd_functions.c:181:5:sd_close_file	24	static
../Core/Src/sd_functions.c:190:5:sd_read_file	4184	static
../Core/Src/sd_functions.c:219:5:sd_read_csv	4328	static
../Core/Src/sd_functions.c:262:5:sd_delete_file	24	static
../Core/Src/sd_functions.c:268:5:sd_rename_file	24	static
../Core/Src/sd_functions.c:274:9:sd_create_directory	24	static
../Core/Src/sd_functions.c:280:6:sd_list_directory_recursive	496	static
../Core/Src/sd_functions.c:309:6:sd_list_files	8	static
