Archive member included to satisfy reference by file (symbol)

/opt/st/stm32cubeide_1.19.0/plugins/com.st.stm32cube.ide.mcu.externaltools.gnu-tools-for-stm32.13.3.rel1.linux64_1.0.0.202410170706/tools/bin/../lib/gcc/arm-none-eabi/13.3.1/../../../../arm-none-eabi/lib/thumb/v7e-m+fp/hard/libstdc++_nano.a(del_ops.o)
                              ./Core/Src/hearmeout.o (operator delete(void*, unsigned int))
/opt/st/stm32cubeide_1.19.0/plugins/com.st.stm32cube.ide.mcu.externaltools.gnu-tools-for-stm32.13.3.rel1.linux64_1.0.0.202410170706/tools/bin/../lib/gcc/arm-none-eabi/13.3.1/../../../../arm-none-eabi/lib/thumb/v7e-m+fp/hard/libstdc++_nano.a(new_op.o)
                              ./Core/Src/hearmeout.o (operator new(unsigned int))
/opt/st/stm32cubeide_1.19.0/plugins/com.st.stm32cube.ide.mcu.externaltools.gnu-tools-for-stm32.13.3.rel1.linux64_1.0.0.202410170706/tools/bin/../lib/gcc/arm-none-eabi/13.3.1/../../../../arm-none-eabi/lib/thumb/v7e-m+fp/hard/libstdc++_nano.a(functexcept.o)
                              ./Core/Src/hearmeout.o (std::__throw_bad_alloc())
/opt/st/stm32cubeide_1.19.0/plugins/com.st.stm32cube.ide.mcu.externaltools.gnu-tools-for-stm32.13.3.rel1.linux64_1.0.0.202410170706/tools/bin/../lib/gcc/arm-none-eabi/13.3.1/../../../../arm-none-eabi/lib/thumb/v7e-m+fp/hard/libstdc++_nano.a(string-inst.o)
                              ./Core/Src/hearmeout.o (std::__cxx11::basic_string<char, std::char_traits<char>, std::allocator<char> >::basic_string())
/opt/st/stm32cubeide_1.19.0/plugins/com.st.stm32cube.ide.mcu.externaltools.gnu-tools-for-stm32.13.3.rel1.linux64_1.0.0.202410170706/tools/bin/../lib/gcc/arm-none-eabi/13.3.1/../../../../arm-none-eabi/lib/thumb/v7e-m+fp/hard/libstdc++_nano.a(del_op.o)
                              /opt/st/stm32cubeide_1.19.0/plugins/com.st.stm32cube.ide.mcu.externaltools.gnu-tools-for-stm32.13.3.rel1.linux64_1.0.0.202410170706/tools/bin/../lib/gcc/arm-none-eabi/13.3.1/../../../../arm-none-eabi/lib/thumb/v7e-m+fp/hard/libstdc++_nano.a(del_ops.o) (operator delete(void*))
/opt/st/stm32cubeide_1.19.0/plugins/com.st.stm32cube.ide.mcu.externaltools.gnu-tools-for-stm32.13.3.rel1.linux64_1.0.0.202410170706/tools/bin/../lib/gcc/arm-none-eabi/13.3.1/../../../../arm-none-eabi/lib/thumb/v7e-m+fp/hard/libstdc++_nano.a(new_handler.o)
                              /opt/st/stm32cubeide_1.19.0/plugins/com.st.stm32cube.ide.mcu.externaltools.gnu-tools-for-stm32.13.3.rel1.linux64_1.0.0.202410170706/tools/bin/../lib/gcc/arm-none-eabi/13.3.1/../../../../arm-none-eabi/lib/thumb/v7e-m+fp/hard/libstdc++_nano.a(new_op.o) (std::get_new_handler())
/opt/st/stm32cubeide_1.19.0/plugins/com.st.stm32cube.ide.mcu.externaltools.gnu-tools-for-stm32.13.3.rel1.linux64_1.0.0.202410170706/tools/bin/../lib/gcc/arm-none-eabi/13.3.1/../../../../arm-none-eabi/lib/thumb/v7e-m+fp/hard/libc_nano.a(libc_a-abort.o)
                              /opt/st/stm32cubeide_1.19.0/plugins/com.st.stm32cube.ide.mcu.externaltools.gnu-tools-for-stm32.13.3.rel1.linux64_1.0.0.202410170706/tools/bin/../lib/gcc/arm-none-eabi/13.3.1/../../../../arm-none-eabi/lib/thumb/v7e-m+fp/hard/libstdc++_nano.a(new_op.o) (abort)
/opt/st/stm32cubeide_1.19.0/plugins/com.st.stm32cube.ide.mcu.externaltools.gnu-tools-for-stm32.13.3.rel1.linux64_1.0.0.202410170706/tools/bin/../lib/gcc/arm-none-eabi/13.3.1/../../../../arm-none-eabi/lib/thumb/v7e-m+fp/hard/libc_nano.a(libc_a-exit.o)
                              /opt/st/stm32cubeide_1.19.0/plugins/com.st.stm32cube.ide.mcu.externaltools.gnu-tools-for-stm32.13.3.rel1.linux64_1.0.0.202410170706/tools/bin/../lib/gcc/arm-none-eabi/13.3.1/../../../../arm-none-eabi/lib/thumb/v7e-m+fp/hard/crt0.o (exit)
/opt/st/stm32cubeide_1.19.0/plugins/com.st.stm32cube.ide.mcu.externaltools.gnu-tools-for-stm32.13.3.rel1.linux64_1.0.0.202410170706/tools/bin/../lib/gcc/arm-none-eabi/13.3.1/../../../../arm-none-eabi/lib/thumb/v7e-m+fp/hard/libc_nano.a(libc_a-malloc.o)
                              ./Middlewares/Third_Party/FatFs/src/option/syscall.o (malloc)
/opt/st/stm32cubeide_1.19.0/plugins/com.st.stm32cube.ide.mcu.externaltools.gnu-tools-for-stm32.13.3.rel1.linux64_1.0.0.202410170706/tools/bin/../lib/gcc/arm-none-eabi/13.3.1/../../../../arm-none-eabi/lib/thumb/v7e-m+fp/hard/libc_nano.a(libc_a-mallocr.o)
                              /opt/st/stm32cubeide_1.19.0/plugins/com.st.stm32cube.ide.mcu.externaltools.gnu-tools-for-stm32.13.3.rel1.linux64_1.0.0.202410170706/tools/bin/../lib/gcc/arm-none-eabi/13.3.1/../../../../arm-none-eabi/lib/thumb/v7e-m+fp/hard/libc_nano.a(libc_a-malloc.o) (_malloc_r)
/opt/st/stm32cubeide_1.19.0/plugins/com.st.stm32cube.ide.mcu.externaltools.gnu-tools-for-stm32.13.3.rel1.linux64_1.0.0.202410170706/tools/bin/../lib/gcc/arm-none-eabi/13.3.1/../../../../arm-none-eabi/lib/thumb/v7e-m+fp/hard/libc_nano.a(libc_a-mlock.o)
[...]
Memory Configuration

Name             Origin             Length             Attributes
RAM              0x20000000         0x00030000         xrw
RAM2             0x10000000         0x00010000         xrw
RAM3             0x20040000         0x00060000         xrw
FLASH            0x08000000         0x00200000         xr
*default*        0x00000000         0xffffffff

Linker script and memory map

LOAD /opt/st/stm32cubeide_1.19.0/plugins/com.st.stm32cube.ide.mcu.externaltools.gnu-tools-for-stm32.13.3.rel1.linux64_1.0.0.202410170706/tools/bin/../lib/gcc/arm-none-eabi/13.3.1/thumb/v7e-m+fp/hard/crti.o
LOAD /opt/st/stm32cubeide_1.19.0/plugins/com.st.stm32cube.ide.mcu.externaltools.gnu-tools-for-stm32.13.3.rel1.linux64_1.0.0.202410170706/tools/bin/../lib/gcc/arm-none-eabi/13.3.1/thumb/v7e-m+fp/hard/crtbegin.o
LOAD /opt/st/stm32cubeide_1.19.0/plugins/com.st.stm32cube.ide.mcu.externaltools.gnu-tools-for-stm32.13.3.rel1.linux64_1.0.0.202410170706/tools/bin/../lib/gcc/arm-none-eabi/13.3.1/../../../../arm-none-eabi/lib/thumb/v7e-m+fp/hard/crt0.o
LOAD ./Core/Src/hearmeout.o
LOAD ./Core/Src/main.o
LOAD ./Core/Src/sd_diskio_spi.o
LOAD ./Core/Src/sd_spi.o
LOAD ./Core/Src/stm32l4xx_hal_msp.o
LOAD ./Core/Src/stm32l4xx_it.o
LOAD ./Core/Src/syscalls.o
LOAD ./Core/Src/sysmem.o
LOAD ./Core/Src/system_stm32l4xx.o
LOAD ./Core/Startup/startup_stm32l4r5zitxp.o
LOAD ./Drivers/STM32L4xx_HAL_Driver/Src/stm32l4xx_hal.o
LOAD ./Drivers/STM32L4xx_HAL_Driver/Src/stm32l4xx_hal_cortex.o
LOAD ./Drivers/STM32L4xx_HAL_Driver/Src/stm32l4xx_hal_dma.o
LOAD ./Drivers/STM32L4xx_HAL_Driver/Src/stm32l4xx_hal_dma_ex.o
LOAD ./Drivers/STM32L4xx_HAL_Driver/Src/stm32l4xx_hal_exti.o
LOAD ./Drivers/STM32L4xx_HAL_Driver/Src/stm32l4xx_hal_flash.o
LOAD ./Drivers/STM32L4xx_HAL_Driver/Src/stm32l4xx_hal_flash_ex.o
LOAD ./Drivers/STM32L4xx_HAL_Driver/Src/stm32l4xx_hal_flash_ramfunc.o
LOAD ./Drivers/STM32L4xx_HAL_Driver/Src/stm32l4xx_hal_gpio.o
LOAD ./Drivers/STM32L4xx_HAL_Driver/Src/stm32l4xx_hal_i2c.o
LOAD ./Drivers/STM32L4xx_HAL_Driver/Src/stm32l4xx_hal_i2c_ex.o
LOAD ./Drivers/STM32L4xx_HAL_Driver/Src/stm32l4xx_hal_pwr.o
LOAD ./Drivers/STM32L4xx_HAL_Driver/Src/stm32l4xx_hal_pwr_ex.o
LOAD ./Drivers/STM32L4xx_HAL_Driver/Src/stm32l4xx_hal_rcc.o
LOAD ./Drivers/STM32L4xx_HAL_Driver/Src/stm32l4xx_hal_rcc_ex.o
LOAD ./Drivers/STM32L4xx_HAL_Driver/Src/stm32l4xx_hal_spi.o
LOAD ./Drivers/STM32L4xx_HAL_Driver/Src/stm32l4xx_hal_spi_ex.o
LOAD ./Drivers/STM32L4xx_HAL_Driver/Src/stm32l4xx_hal_tim.o
LOAD ./Drivers/STM32L4xx_HAL_Driver/Src/stm32l4xx_hal_tim_ex.o
LOAD ./Drivers/STM32L4xx_HAL_Driver/Src/stm32l4xx_hal_uart.o
LOAD ./Drivers/STM32L4xx_HAL_Driver/Src/stm32l4xx_hal_uart_ex.o
LOAD ./FATFS/App/fatfs.o
LOAD ./FATFS/Target/user_diskio.o
LOAD ./Middlewares/Third_Party/FatFs/src/diskio.o
LOAD ./Middlewares/Third_Party/FatFs/src/ff.o
LOAD ./Middlewares/Third_Party/FatFs/src/ff_gen_drv.o
LOAD ./Middlewares/Third_Party/FatFs/src/option/ccsbcs.o
LOAD ./Middlewares/Third_Party/FatFs/src/option/syscall.o
START GROUP
LOAD /opt/st/stm32cubeide_1.19.0/plugins/com.st.stm32cube.ide.mcu.externaltools.gnu-tools-for-stm32.13.3.rel1.linux64_1.0.0.202410170706/tools/bin/../lib/gcc/arm-none-eabi/13.3.1/../../../../arm-none-eabi/lib/thumb/v7e-m+fp/hard/libstdc++_nano.a
LOAD /opt/st/stm32cubeide_1.19.0/plugins/com.st.stm32cube.ide.mcu.externaltools.gnu-tools-for-stm32.13.3.rel1.linux64_1.0.0.202410170706/tools/bin/../lib/gcc/arm-none-eabi/13.3.1/../../../../arm-none-eabi/lib/thumb/v7e-m+fp/hard/libsupc++_nano.a
END GROUP
LOAD /opt/st/stm32cubeide_1.19.0/plugins/com.st.stm32cube.ide.mcu.externaltools.gnu-tools-for-stm32.13.3.rel1.linux64_1.0.0.202410170706/tools/bin/../lib/gcc/arm-none-eabi/13.3.1/../../../../arm-none-eabi/lib/thumb/v7e-m+fp/hard/libstdc++_nano.a
LOAD /opt/st/stm32cubeide_1.19.0/plugins/com.st.stm32cube.ide.mcu.externaltools.gnu-tools-for-stm32.13.3.rel1.linux64_1.0.0.202410170706/tools/bin/../lib/gcc/arm-none-eabi/13.3.1/../../../../arm-none-eabi/lib/thumb/v7e-m+fp/hard/libm.a
LOAD /opt/st/stm32cubeide_1.19.0/plugins/com.st.stm32cube.ide.mcu.externaltools.gnu-tools-for-stm32.13.3.rel1.linux64_1.0.0.202410170706/tools/bin/../lib/gcc/arm-none-eabi/13.3.1/../../../../arm-none-eabi/lib/thumb/v7e-m+fp/hard/libc_nano.a
START GROUP
LOAD /opt/st/stm32cubeide_1.19.0/plugins/com.st.stm32cube.ide.mcu.externaltools.gnu-tools-for-stm32.13.3.rel1.linux64_1.0.0.202410170706/tools/bin/../lib/gcc/arm-none-eabi/13.3.1/thumb/v7e-m+fp/hard/libgcc.a
LOAD /opt/st/stm32cubeide_1.19.0/plugins/com.st.stm32cube.ide.mcu.externaltools.gnu-tools-for-stm32.13.3.rel1.linux64_1.0.0.202410170706/tools/bin/../lib/gcc/arm-none-eabi/13.3.1/../../../../arm-none-eabi/lib/thumb/v7e-m+fp/hard/libc_nano.a
END GROUP
START GROUP
LOAD /opt/st/stm32cubeide_1.19.0/plugins/com.st.stm32cube.ide.mcu.externaltools.gnu-tools-for-stm32.13.3.rel1.linux64_1.0.0.202410170706/tools/bin/../lib/gcc/arm-none-eabi/13.3.1/thumb/v7e-m+fp/hard/libgcc.a
LOAD /opt/st/stm32cubeide_1.19.0/plugins/com.st.stm32cube.ide.mcu.externaltools.gnu-tools-for-stm32.13.3.rel1.linux64_1.0.0.202410170706/tools/bin/../lib/gcc/arm-none-eabi/13.3.1/../../../../arm-none-eabi/lib/thumb/v7e-m+fp/hard/libc_nano.a
LOAD /opt/st/stm32cubeide_1.19.0/plugins/com.st.stm32cube.ide.mcu.externaltools.gnu-tools-for-stm32.13.3.rel1.linux64_1.0.0.202410170706/tools/bin/../lib/gcc/arm-none-eabi/13.3.1/../../../../arm-none-eabi/lib/thumb/v7e-m+fp/hard/libnosys.a
END GROUP
START GROUP
LOAD /opt/st/stm32cubeide_1.19.0/plugins/com.st.stm32cube.ide.mcu.externaltools.gnu-tools-for-stm32.13.3.rel1.linux64_1.0.0.202410170706/tools/bin/../lib/gcc/arm-none-eabi/13.3.1/thumb/v7e-m+fp/hard/libgcc.a
LOAD /opt/st/stm32cubeide_1.19.0/plugins/com.st.stm32cube.ide.mcu.externaltools.gnu-tools-for-stm32.13.3.rel1.linux64_1.0.0.202410170706/tools/bin/../lib/gcc/arm-none-eabi/13.3.1/../../../../arm-none-eabi/lib/thumb/v7e-m+fp/hard/libc_nano.a
LOAD /opt/st/stm32cubeide_1.19.0/plugins/com.st.stm32cube.ide.mcu.externaltools.gnu-tools-for-stm32.13.3.rel1.linux64_1.0.0.202410170706/tools/bin/../lib/gcc/arm-none-eabi/13.3.1/../../../../arm-none-eabi/lib/thumb/v7e-m+fp/hard/libnosys.a
END GROUP
LOAD /opt/st/stm32cubeide_1.19.0/plugins/com.st.stm32cube.ide.mcu.externaltools.gnu-tools-for-stm32.13.3.rel1.linux64_1.0.0.202410170706/tools/bin/../lib/gcc/arm-none-eabi/13.3.1/thumb/v7e-m+fp/hard/crtend.o
LOAD /opt/st/stm32cubeide_1.19.0/plugins/com.st.stm32cube.ide.mcu.externaltools.gnu-tools-for-stm32.13.3.rel1.linux64_1.0.0.202410170706/tools/bin/../lib/gcc/arm-none-eabi/13.3.1/thumb/v7e-m+fp/hard/crtn.o
                0x200a0000                        _estack = (ORIGIN (RAM3) + LENGTH (RAM3))
                0x00000200                        _Min_Heap_Size = 0x200
                0x00000400                        _Min_Stack_Size = 0x400

.isr_vector     0x08000000      0x1bc
                0x08000000                        . = ALIGN (0x4)
 *(.isr_vector)
 .isr_vector    0x08000000      0x1bc ./Core/Startup/startup_stm32l4r5zitxp.o
                0x08000000                g_pfnVectors
                0x080001bc                        . = ALIGN (0x4)

.text           0x080001c0     0xfb78
                0x080001c0                        . = ALIGN (0x4)
 *(.text)
 .text          0x080001c0       0x40 /opt/st/stm32cubeide_1.19.0/plugins/com.st.stm32cube.ide.mcu.externaltools.gnu-tools-for-stm32.13.3.rel1.linux64_1.0.0.202410170706/tools/bin/../lib/gcc/arm-none-eabi/13.3.1/thumb/v7e-m+fp/hard/crtbegin.o
 .text          0x08000200       0x14 /opt/st/stm32cubeide_1.19.0/plugins/com.st.stm32cube.ide.mcu.externaltools.gnu-tools-for-stm32.13.3.rel1.linux64_1.0.0.202410170706/tools/bin/../lib/gcc/arm-none-eabi/13.3.1/../../../../arm-none-eabi/lib/thumb/v7e-m+fp/hard/libc_nano.a(libc_a-strcmp.o)
                0x08000200                strcmp
 *fill*         0x08000214        0xc 
 .text          0x08000220       0xa0 /opt/st/stm32cubeide_1.19.0/plugins/com.st.stm32cube.ide.mcu.externaltools.gnu-tools-for-stm32.13.3.rel1.linux64_1.0.0.202410170706/tools/bin/../lib/gcc/arm-none-eabi/13.3.1/../../../../arm-none-eabi/lib/thumb/v7e-m+fp/hard/libc_nano.a(libc_a-memchr.o)
                0x08000220                memchr
 .text          0x080002c0       0x10 /opt/st/stm32cubeide_1.19.0/plugins/com.st.stm32cube.ide.mcu.externaltools.gnu-tools-for-stm32.13.3.rel1.linux64_1.0.0.202410170706/tools/bin/../lib/gcc/arm-none-eabi/13.3.1/../../../../arm-none-eabi/lib/thumb/v7e-m+fp/hard/libc_nano.a(libc_a-strlen.o)
                0x080002c0                strlen
 .text          0x080002d0      0x378 /opt/st/stm32cubeide_1.19.0/plugins/com.st.stm32cube.ide.mcu.externaltools.gnu-tools-for-stm32.13.3.rel1.linux64_1.0.0.202410170706/tools/bin/../lib/gcc/arm-none-eabi/13.3.1/thumb/v7e-m+fp/hard/libgcc.a(_arm_addsubdf3.o)
                0x080002d0                __aeabi_drsub
                0x080002d8                __aeabi_dsub
                0x080002d8                __subdf3
                0x080002dc                __adddf3
                0x080002dc                __aeabi_dadd
                0x08000554                __aeabi_ui2d
                0x08000554                __floatunsidf
                0x08000574                __floatsidf
                0x08000574                __aeabi_i2d
                0x08000598                __extendsfdf2
                0x08000598                __aeabi_f2d
                0x080005dc                __aeabi_ul2d
                0x080005dc                __floatundidf
                0x080005ec                __floatdidf
                0x080005ec                __aeabi_l2d
 .text          0x08000648      0x424 /opt/st/stm32cubeide_1.19.0/plugins/com.st.stm32cube.ide.mcu.externaltools.gnu-tools-for-stm32.13.3.rel1.linux64_1.0.0.202410170706/tools/bin/../lib/gcc/arm-none-eabi/13.3.1/thumb/v7e-m+fp/hard/libgcc.a(_arm_muldivdf3.o)
                0x08000648                __aeabi_dmul
                0x08000648                __muldf3
                0x0800089c                __aeabi_ddiv
                0x0800089c                __divdf3
 .text          0x08000a6c      0x110 /opt/st/stm32cubeide_1.19.0/plugins/com.st.stm32cube.ide.mcu.externaltools.gnu-tools-for-stm32.13.3.rel1.linux64_1.0.0.202410170706/tools/bin/../lib/gcc/arm-none-eabi/13.3.1/thumb/v7e-m+fp/hard/libgcc.a(_arm_cmpdf2.o)
                0x08000a6c                __gtdf2
                0x08000a6c                __gedf2
                0x08000a74                __ltdf2
                0x08000a74                __ledf2
                0x08000a7c                __cmpdf2
                0x08000a7c                __eqdf2
                0x08000a7c                __nedf2
                0x08000af8                __aeabi_cdrcmple
                0x08000b08                __aeabi_cdcmple
                0x08000b08                __aeabi_cdcmpeq
                0x08000b18                __aeabi_dcmpeq
                0x08000b2c                __aeabi_dcmplt
                0x08000b40                __aeabi_dcmple
                0x08000b54                __aeabi_dcmpge
                0x08000b68                __aeabi_dcmpgt
 .text          0x08000b7c       0x2c /opt/st/stm32cubeide_1.19.0/plugins/com.st.stm32cube.ide.mcu.externaltools.gnu-tools-for-stm32.13.3.rel1.linux64_1.0.0.202410170706/tools/bin/../lib/gcc/arm-none-eabi/13.3.1/thumb/v7e-m+fp/hard/libgcc.a(_arm_unorddf2.o)
                0x08000b7c                __aeabi_dcmpun
                0x08000b7c                __unorddf2
 .text          0x08000ba8       0x50 /opt/st/stm32cubeide_1.19.0/plugins/com.st.stm32cube.ide.mcu.externaltools.gnu-tools-for-stm32.13.3.rel1.linux64_1.0.0.202410170706/tools/bin/../lib/gcc/arm-none-eabi/13.3.1/thumb/v7e-m+fp/hard/libgcc.a(_arm_fixdfsi.o)
                0x08000ba8                __fixdfsi
                0x08000ba8                __aeabi_d2iz
 .text          0x08000bf8       0x30 /opt/st/stm32cubeide_1.19.0/plugins/com.st.stm32cube.ide.mcu.externaltools.gnu-tools-for-stm32.13.3.rel1.linux64_1.0.0.202410170706/tools/bin/../lib/gcc/arm-none-eabi/13.3.1/thumb/v7e-m+fp/hard/libgcc.a(_aeabi_uldivmod.o)
                0x08000bf8                __aeabi_uldivmod
 .text          0x08000c28      0x2f8 /opt/st/stm32cubeide_1.19.0/plugins/com.st.stm32cube.ide.mcu.externaltools.gnu-tools-for-stm32.13.3.rel1.linux64_1.0.0.202410170706/tools/bin/../lib/gcc/arm-none-eabi/13.3.1/thumb/v7e-m+fp/hard/libgcc.a(_udivmoddi4.o)
                0x08000c28                __udivmoddi4
 .text          0x08000f20        0x4 /opt/st/stm32cubeide_1.19.0/plugins/com.st.stm32cube.ide.mcu.externaltools.gnu-tools-for-stm32.13.3.rel1.linux64_1.0.0.202410170706/tools/bin/../lib/gcc/arm-none-eabi/13.3.1/thumb/v7e-m+fp/hard/libgcc.a(_dvmd_tls.o)
                0x08000f20                __aeabi_ldiv0
                0x08000f20                __aeabi_idiv0
 *(.text*)
 .text._ZnwjPv  0x08000f24       0x18 ./Core/Src/hearmeout.o
                0x08000f24                operator new(unsigned int, void*)
 .text._ZN2SD8sd_mountEv
                0x08000f3c       0x6c ./Core/Src/hearmeout.o
                0x08000f3c                SD::sd_mount()
 .text._ZN2SD19get_files_recursiveEPKci
                0x08000fa8      0x220 ./Core/Src/hearmeout.o
                0x08000fa8                SD::get_files_recursive(char const*, int)
 .text._ZN2SD12resample_CCREs
                0x080011c8       0x46 ./Core/Src/hearmeout.o
                0x080011c8                SD::resample_CCR(short)
 *fill*         0x0800120e        0x2 
 .text._ZN2SD16wav_seek_to_dataEPm
                0x08001210       0xe4 ./Core/Src/hearmeout.o
                0x08001210                SD::wav_seek_to_data(unsigned long*)
 .text._ZN2SD13fill_from_wavEPt
                0x080012f4       0xa0 ./Core/Src/hearmeout.o
                0x080012f4                SD::fill_from_wav(unsigned short*)
 .text._ZN2SD4initEP17TIM_HandleTypeDefP19__DMA_HandleTypeDef
                0x08001394      0x1ac ./Core/Src/hearmeout.o
                0x08001394                SD::init(TIM_HandleTypeDef*, __DMA_HandleTypeDef*)
 .text._ZN2SD13handle_dma_cbEv
                0x08001540       0x78 ./Core/Src/hearmeout.o
                0x08001540                SD::handle_dma_cb()
 .text._ZN2SD10check_prodEv
                0x080015b8       0x3c ./Core/Src/hearmeout.o
                0x080015b8                SD::check_prod()
 .text._ZN2SD9get_filesEv
                0x080015f4       0x30 ./Core/Src/hearmeout.o
                0x080015f4                SD::get_files()
 .text._ZN2SD9next_fileEv
                0x08001624      0x1b4 ./Core/Src/hearmeout.o
                0x08001624                SD::next_file()
 .text._ZNSt12_Vector_baseINSt7__cxx1112basic_stringIcSt11char_traitsIcESaIcEEESaIS5_EE12_Vector_implD2Ev
                0x080017d8       0x1c ./Core/Src/hearmeout.o
                0x080017d8                std::_Vector_base<std::__cxx11::basic_string<char, std::char_traits<char>, std::allocator<char> >, std::allocator<std::__cxx11::basic_string<char, std::char_traits<char>, std::allocator<char> > > >::_Vector_impl::~_Vector_impl()
                0x080017d8                std::_Vector_base<std::__cxx11::basic_string<char, std::char_traits<char>, std::allocator<char> >, std::allocator<std::__cxx11::basic_string<char, std::char_traits<char>, std::allocator<char> > > >::_Vector_impl::~_Vector_impl()
 .text._ZNSt12_Vector_baseINSt7__cxx1112basic_stringIcSt11char_traitsIcESaIcEEESaIS5_EEC2Ev
                0x080017f4       0x1a ./Core/Src/hearmeout.o
                0x080017f4                std::_Vector_base<std::__cxx11::basic_string<char, std::char_traits<char>, std::allocator<char> >, std::allocator<std::__cxx11::basic_string<char, std::char_traits<char>, std::allocator<char> > > >::_Vector_base()
                0x080017f4                std::_Vector_base<std::__cxx11::basic_string<char, std::char_traits<char>, std::allocator<char> >, std::allocator<std::__cxx11::basic_string<char, std::char_traits<char>, std::allocator<char> > > >::_Vector_base()
 .text._ZNSt6vectorINSt7__cxx1112basic_stringIcSt11char_traitsIcESaIcEEESaIS5_EEC2Ev
                0x0800180e       0x1a ./Core/Src/hearmeout.o
                0x0800180e                std::vector<std::__cxx11::basic_string<char, std::char_traits<char>, std::allocator<char> >, std::allocator<std::__cxx11::basic_string<char, std::char_traits<char>, std::allocator<char> > > >::vector()
                0x0800180e                std::vector<std::__cxx11::basic_string<char, std::char_traits<char>, std::allocator<char> >, std::allocator<std::__cxx11::basic_string<char, std::char_traits<char>, std::allocator<char> > > >::vector()
 .text._ZN2SDC2Ev
                0x08001828       0x52 ./Core/Src/hearmeout.o
                0x08001828                SD::SD()
                0x08001828                SD::SD()
 *fill*         0x0800187a        0x2 
 .text._Z10event_loopv
                0x0800187c       0x10 ./Core/Src/hearmeout.o
                0x0800187c                event_loop()
 .text._Z4initv
                0x0800188c       0x24 ./Core/Src/hearmeout.o
                0x0800188c                init()
 .text.HAL_DMA_XferCpltCallback
                0x080018b0       0x28 ./Core/Src/hearmeout.o
                0x080018b0                HAL_DMA_XferCpltCallback
 .text.HAL_GPIO_EXTI_Callback
                0x080018d8       0x44 ./Core/Src/hearmeout.o
                0x080018d8                HAL_GPIO_EXTI_Callback
 .text.HAL_PostInit
                0x0800191c        0xc ./Core/Src/hearmeout.o
                0x0800191c                HAL_PostInit
 .text._ZStplIcSt11char_traitsIcESaIcEENSt7__cxx1112basic_stringIT_T0_T1_EEOS8_PKS5_
                0x08001928       0x2e ./Core/Src/hearmeout.o
                0x08001928                std::__cxx11::basic_string<char, std::char_traits<char>, std::allocator<char> > std::operator+<char, std::char_traits<char>, std::allocator<char> >(std::__cxx11::basic_string<char, std::char_traits<char>, std::allocator<char> >&&, char const*)
 .text._ZNSt6vectorINSt7__cxx1112basic_stringIcSt11char_traitsIcESaIcEEESaIS5_EE12emplace_backIJRS5_EEEvDpOT_
                0x08001956       0x8c ./Core/Src/hearmeout.o
                0x08001956                void std::vector<std::__cxx11::basic_string<char, std::char_traits<char>, std::allocator<char> >, std::allocator<std::__cxx11::basic_string<char, std::char_traits<char>, std::allocator<char> > > >::emplace_back<std::__cxx11::basic_string<char, std::char_traits<char>, std::allocator<char> >&>(std::__cxx11::basic_string<char, std::char_traits<char>, std::allocator<char> >&)
 .text._ZNSt6vectorINSt7__cxx1112basic_stringIcSt11char_traitsIcESaIcEEESaIS5_EEixEj
                0x080019e2       0x26 ./Core/Src/hearmeout.o
                0x080019e2                std::vector<std::__cxx11::basic_string<char, std::char_traits<char>, std::allocator<char> >, std::allocator<std::__cxx11::basic_string<char, std::char_traits<char>, std::allocator<char> > > >::operator[](unsigned int)
 .text._ZNSt6vectorINSt7__cxx1112basic_stringIcSt11char_traitsIcESaIcEEESaIS5_EE5clearEv
                0x08001a08       0x1c ./Core/Src/hearmeout.o
                0x08001a08                std::vector<std::__cxx11::basic_string<char, std::char_traits<char>, std::allocator<char> >, std::allocator<std::__cxx11::basic_string<char, std::char_traits<char>, std::allocator<char> > > >::clear()
 .text._ZNKSt6vectorINSt7__cxx1112basic_stringIcSt11char_traitsIcESaIcEEESaIS5_EE5emptyEv
                0x08001a24       0x36 ./Core/Src/hearmeout.o
                0x08001a24                std::vector<std::__cxx11::basic_string<char, std::char_traits<char>, std::allocator<char> >, std::allocator<std::__cxx11::basic_string<char, std::char_traits<char>, std::allocator<char> > > >::empty() const
 *fill*         0x08001a5a        0x2 
 .text._ZNKSt6vectorINSt7__cxx1112basic_stringIcSt11char_traitsIcESaIcEEESaIS5_EE4sizeEv
                0x08001a5c       0x2c ./Core/Src/hearmeout.o
                0x08001a5c                std::vector<std::__cxx11::basic_string<char, std::char_traits<char>, std::allocator<char> >, std::allocator<std::__cxx11::basic_string<char, std::char_traits<char>, std::allocator<char> > > >::size() const
 .text._ZNSt12_Vector_baseINSt7__cxx1112basic_stringIcSt11char_traitsIcESaIcEEESaIS5_EE12_Vector_implC2Ev
                0x08001a88       0x22 ./Core/Src/hearmeout.o
                0x08001a88                std::_Vector_base<std::__cxx11::basic_string<char, std::char_traits<char>, std::allocator<char> >, std::allocator<std::__cxx11::basic_string<char, std::char_traits<char>, std::allocator<char> > > >::_Vector_impl::_Vector_impl()
                0x08001a88                std::_Vector_base<std::__cxx11::basic_string<char, std::char_traits<char>, std::allocator<char> >, std::allocator<std::__cxx11::basic_string<char, std::char_traits<char>, std::allocator<char> > > >::_Vector_impl::_Vector_impl()
 *fill*         0x08001aaa        0x2 
 .text._ZNSt12_Vector_baseINSt7__cxx1112basic_stringIcSt11char_traitsIcESaIcEEESaIS5_EED2Ev
                0x08001aac       0x3c ./Core/Src/hearmeout.o
                0x08001aac                std::_Vector_base<std::__cxx11::basic_string<char, std::char_traits<char>, std::allocator<char> >, std::allocator<std::__cxx11::basic_string<char, std::char_traits<char>, std::allocator<char> > > >::~_Vector_base()
                0x08001aac                std::_Vector_base<std::__cxx11::basic_string<char, std::char_traits<char>, std::allocator<char> >, std::allocator<std::__cxx11::basic_string<char, std::char_traits<char>, std::allocator<char> > > >::~_Vector_base()
 .text._ZNSt6vectorINSt7__cxx1112basic_stringIcSt11char_traitsIcESaIcEEESaIS5_EED2Ev
                0x08001ae8       0x3c ./Core/Src/hearmeout.o
                0x08001ae8                std::vector<std::__cxx11::basic_string<char, std::char_traits<char>, std::allocator<char> >, std::allocator<std::__cxx11::basic_string<char, std::char_traits<char>, std::allocator<char> > > >::~vector()
                0x08001ae8                std::vector<std::__cxx11::basic_string<char, std::char_traits<char>, std::allocator<char> >, std::allocator<std::__cxx11::basic_string<char, std::char_traits<char>, std::allocator<char> > > >::~vector()
 .text._ZNSt15__new_allocatorIcED2Ev
                0x08001b24       0x16 ./Core/Src/hearmeout.o
                0x08001b24                std::__new_allocator<char>::~__new_allocator()
                0x08001b24                std::__new_allocator<char>::~__new_allocator()
 .text._ZSt4moveIRNSt7__cxx1112basic_stringIcSt11char_traitsIcESaIcEEEEONSt16remove_referenceIT_E4typeEOS8_
                0x08001b3a       0x16 ./Core/Src/hearmeout.o
                0x08001b3a                std::remove_reference<std::__cxx11::basic_string<char, std::char_traits<char>, std::allocator<char> >&>::type&& std::move<std::__cxx11::basic_string<char, std::char_traits<char>, std::allocator<char> >&>(std::__cxx11::basic_string<char, std::char_traits<char>, std::allocator<char> >&)
 .text._ZSt7forwardIRNSt7__cxx1112basic_stringIcSt11char_traitsIcESaIcEEEEOT_RNSt16remove_referenceIS7_E4typeE
                0x08001b50       0x16 ./Core/Src/hearmeout.o
                0x08001b50                std::__cxx11::basic_string<char, std::char_traits<char>, std::allocator<char> >& std::forward<std::__cxx11::basic_string<char, std::char_traits<char>, std::allocator<char> >&>(std::remove_reference<std::__cxx11::basic_string<char, std::char_traits<char>, std::allocator<char> >&>::type&)
 .text._ZNSt6vectorINSt7__cxx1112basic_stringIcSt11char_traitsIcESaIcEEESaIS5_EE3endEv
                0x08001b66       0x22 ./Core/Src/hearmeout.o
                0x08001b66                std::vector<std::__cxx11::basic_string<char, std::char_traits<char>, std::allocator<char> >, std::allocator<std::__cxx11::basic_string<char, std::char_traits<char>, std::allocator<char> > > >::end()
 .text._ZNSt6vectorINSt7__cxx1112basic_stringIcSt11char_traitsIcESaIcEEESaIS5_EE15_S_use_relocateEv
                0x08001b88       0x16 ./Core/Src/hearmeout.o
                0x08001b88                std::vector<std::__cxx11::basic_string<char, std::char_traits<char>, std::allocator<char> >, std::allocator<std::__cxx11::basic_string<char, std::char_traits<char>, std::allocator<char> > > >::_S_use_relocate()
 .text._ZNSt6vectorINSt7__cxx1112basic_stringIcSt11char_traitsIcESaIcEEESaIS5_EE19_S_nothrow_relocateESt17integral_constantIbLb1EE
                0x08001b9e       0x16 ./Core/Src/hearmeout.o
                0x08001b9e                std::vector<std::__cxx11::basic_string<char, std::char_traits<char>, std::allocator<char> >, std::allocator<std::__cxx11::basic_string<char, std::char_traits<char>, std::allocator<char> > > >::_S_nothrow_relocate(std::integral_constant<bool, true>)
 .text._ZNSt6vectorINSt7__cxx1112basic_stringIcSt11char_traitsIcESaIcEEESaIS5_EE17_M_realloc_insertIJRS5_EEEvN9__gnu_cxx17__normal_iteratorIPS5_S7_EEDpOT_
                0x08001bb4      0x1c8 ./Core/Src/hearmeout.o
                0x08001bb4                void std::vector<std::__cxx11::basic_string<char, std::char_traits<char>, std::allocator<char> >, std::allocator<std::__cxx11::basic_string<char, std::char_traits<char>, std::allocator<char> > > >::_M_realloc_insert<std::__cxx11::basic_string<char, std::char_traits<char>, std::allocator<char> >&>(__gnu_cxx::__normal_iterator<std::__cxx11::basic_string<char, std::char_traits<char>, std::allocator<char> >*, std::vector<std::__cxx11::basic_string<char, std::char_traits<char>, std::allocator<char> >, std::allocator<std::__cxx11::basic_string<char, std::char_traits<char>, std::allocator<char> > > > >, std::__cxx11::basic_string<char, std::char_traits<char>, std::allocator<char> >&)
 .text._ZNSt6vectorINSt7__cxx1112basic_stringIcSt11char_traitsIcESaIcEEESaIS5_EE15_M_erase_at_endEPS5_
                0x08001d7c       0x54 ./Core/Src/hearmeout.o
                0x08001d7c                std::vector<std::__cxx11::basic_string<char, std::char_traits<char>, std::allocator<char> >, std::allocator<std::__cxx11::basic_string<char, std::char_traits<char>, std::allocator<char> > > >::_M_erase_at_end(std::__cxx11::basic_string<char, std::char_traits<char>, std::allocator<char> >*)
 .text._ZNKSt6vectorINSt7__cxx1112basic_stringIcSt11char_traitsIcESaIcEEESaIS5_EE5beginEv
                0x08001dd0       0x20 ./Core/Src/hearmeout.o
                0x08001dd0                std::vector<std::__cxx11::basic_string<char, std::char_traits<char>, std::allocator<char> >, std::allocator<std::__cxx11::basic_string<char, std::char_traits<char>, std::allocator<char> > > >::begin() const
 .text._ZNKSt6vectorINSt7__cxx1112basic_stringIcSt11char_traitsIcESaIcEEESaIS5_EE3endEv
                0x08001df0       0x22 ./Core/Src/hearmeout.o
                0x08001df0                std::vector<std::__cxx11::basic_string<char, std::char_traits<char>, std::allocator<char> >, std::allocator<std::__cxx11::basic_string<char, std::char_traits<char>, std::allocator<char> > > >::end() const
 .text._ZN9__gnu_cxxeqIPKNSt7__cxx1112basic_stringIcSt11char_traitsIcESaIcEEESt6vectorIS6_SaIS6_EEEEbRKNS_17__normal_iteratorIT_T0_EESH_
                0x08001e12       0x30 ./Core/Src/hearmeout.o
                0x08001e12                bool __gnu_cxx::operator==<std::__cxx11::basic_string<char, std::char_traits<char>, std::allocator<char> > const*, std::vector<std::__cxx11::basic_string<char, std::char_traits<char>, std::allocator<char> >, std::allocator<std::__cxx11::basic_string<char, std::char_traits<char>, std::allocator<char> > > > >(__gnu_cxx::__normal_iterator<std::__cxx11::basic_string<char, std::char_traits<char>, std::allocator<char> > const*, std::vector<std::__cxx11::basic_string<char, std::char_traits<char>, std::allocator<char> >, std::allocator<std::__cxx11::basic_string<char, std::char_traits<char>, std::allocator<char> > > > > const&, __gnu_cxx::__normal_iterator<std::__cxx11::basic_string<char, std::char_traits<char>, std::allocator<char> > const*, std::vector<std::__cxx11::basic_string<char, std::char_traits<char>, std::allocator<char> >, std::allocator<std::__cxx11::basic_string<char, std::char_traits<char>, std::allocator<char> > > > > const&)
 .text._ZNSt12_Vector_baseINSt7__cxx1112basic_stringIcSt11char_traitsIcESaIcEEESaIS5_EE17_Vector_impl_dataC2Ev
                0x08001e42       0x28 ./Core/Src/hearmeout.o
                0x08001e42                std::_Vector_base<std::__cxx11::basic_string<char, std::char_traits<char>, std::allocator<char> >, std::allocator<std::__cxx11::basic_string<char, std::char_traits<char>, std::allocator<char> > > >::_Vector_impl_data::_Vector_impl_data()
                0x08001e42                std::_Vector_base<std::__cxx11::basic_string<char, std::char_traits<char>, std::allocator<char> >, std::allocator<std::__cxx11::basic_string<char, std::char_traits<char>, std::allocator<char> > > >::_Vector_impl_data::_Vector_impl_data()
 .text._ZNSt15__new_allocatorINSt7__cxx1112basic_stringIcSt11char_traitsIcESaIcEEEED2Ev
                0x08001e6a       0x16 ./Core/Src/hearmeout.o
                0x08001e6a                std::__new_allocator<std::__cxx11::basic_string<char, std::char_traits<char>, std::allocator<char> > >::~__new_allocator()
                0x08001e6a                std::__new_allocator<std::__cxx11::basic_string<char, std::char_traits<char>, std::allocator<char> > >::~__new_allocator()
 .text._ZNSt12_Vector_baseINSt7__cxx1112basic_stringIcSt11char_traitsIcESaIcEEESaIS5_EE13_M_deallocateEPS5_j
                0x08001e80       0x32 ./Core/Src/hearmeout.o
                0x08001e80                std::_Vector_base<std::__cxx11::basic_string<char, std::char_traits<char>, std::allocator<char> >, std::allocator<std::__cxx11::basic_string<char, std::char_traits<char>, std::allocator<char> > > >::_M_deallocate(std::__cxx11::basic_string<char, std::char_traits<char>, std::allocator<char> >*, unsigned int)
 .text._ZNSt12_Vector_baseINSt7__cxx1112basic_stringIcSt11char_traitsIcESaIcEEESaIS5_EE19_M_get_Tp_allocatorEv
                0x08001eb2       0x16 ./Core/Src/hearmeout.o
                0x08001eb2                std::_Vector_base<std::__cxx11::basic_string<char, std::char_traits<char>, std::allocator<char> >, std::allocator<std::__cxx11::basic_string<char, std::char_traits<char>, std::allocator<char> > > >::_M_get_Tp_allocator()
 .text._ZN9__gnu_cxx17__normal_iteratorIPNSt7__cxx1112basic_stringIcSt11char_traitsIcESaIcEEESt6vectorIS6_SaIS6_EEEC2ERKS7_
                0x08001ec8       0x20 ./Core/Src/hearmeout.o
                0x08001ec8                __gnu_cxx::__normal_iterator<std::__cxx11::basic_string<char, std::char_traits<char>, std::allocator<char> >*, std::vector<std::__cxx11::basic_string<char, std::char_traits<char>, std::allocator<char> >, std::allocator<std::__cxx11::basic_string<char, std::char_traits<char>, std::allocator<char> > > > >::__normal_iterator(std::__cxx11::basic_string<char, std::char_traits<char>, std::allocator<char> >* const&)
                0x08001ec8                __gnu_cxx::__normal_iterator<std::__cxx11::basic_string<char, std::char_traits<char>, std::allocator<char> >*, std::vector<std::__cxx11::basic_string<char, std::char_traits<char>, std::allocator<char> >, std::allocator<std::__cxx11::basic_string<char, std::char_traits<char>, std::allocator<char> > > > >::__normal_iterator(std::__cxx11::basic_string<char, std::char_traits<char>, std::allocator<char> >* const&)
 .text._ZNKSt6vectorINSt7__cxx1112basic_stringIcSt11char_traitsIcESaIcEEESaIS5_EE12_M_check_lenEjPKc
                0x08001ee8       0x8e ./Core/Src/hearmeout.o
                0x08001ee8                std::vector<std::__cxx11::basic_string<char, std::char_traits<char>, std::allocator<char> >, std::allocator<std::__cxx11::basic_string<char, std::char_traits<char>, std::allocator<char> > > >::_M_check_len(unsigned int, char const*) const
 .text._ZNSt6vectorINSt7__cxx1112basic_stringIcSt11char_traitsIcESaIcEEESaIS5_EE5beginEv
                0x08001f76       0x20 ./Core/Src/hearmeout.o
                0x08001f76                std::vector<std::__cxx11::basic_string<char, std::char_traits<char>, std::allocator<char> >, std::allocator<std::__cxx11::basic_string<char, std::char_traits<char>, std::allocator<char> > > >::begin()
 *fill*         0x08001f96        0x2 
 .text._ZN9__gnu_cxxmiIPNSt7__cxx1112basic_stringIcSt11char_traitsIcESaIcEEESt6vectorIS6_SaIS6_EEEENS_17__normal_iteratorIT_T0_E15difference_typeERKSE_SH_
                0x08001f98       0x34 ./Core/Src/hearmeout.o
                0x08001f98                __gnu_cxx::__normal_iterator<std::__cxx11::basic_string<char, std::char_traits<char>, std::allocator<char> >*, std::vector<std::__cxx11::basic_string<char, std::char_traits<char>, std::allocator<char> >, std::allocator<std::__cxx11::basic_string<char, std::char_traits<char>, std::allocator<char> > > > >::difference_type __gnu_cxx::operator-<std::__cxx11::basic_string<char, std::char_traits<char>, std::allocator<char> >*, std::vector<std::__cxx11::basic_string<char, std::char_traits<char>, std::allocator<char> >, std::allocator<std::__cxx11::basic_string<char, std::char_traits<char>, std::allocator<char> > > > >(__gnu_cxx::__normal_iterator<std::__cxx11::basic_string<char, std::char_traits<char>, std::allocator<char> >*, std::vector<std::__cxx11::basic_string<char, std::char_traits<char>, std::allocator<char> >, std::allocator<std::__cxx11::basic_string<char, std::char_traits<char>, std::allocator<char> > > > > const&, __gnu_cxx::__normal_iterator<std::__cxx11::basic_string<char, std::char_traits<char>, std::allocator<char> >*, std::vector<std::__cxx11::basic_string<char, std::char_traits<char>, std::allocator<char> >, std::allocator<std::__cxx11::basic_string<char, std::char_traits<char>, std::allocator<char> > > > > const&)
 .text._ZNSt12_Vector_baseINSt7__cxx1112basic_stringIcSt11char_traitsIcESaIcEEESaIS5_EE11_M_allocateEj
                0x08001fcc       0x32 ./Core/Src/hearmeout.o
                0x08001fcc                std::_Vector_base<std::__cxx11::basic_string<char, std::char_traits<char>, std::allocator<char> >, std::allocator<std::__cxx11::basic_string<char, std::char_traits<char>, std::allocator<char> > > >::_M_allocate(unsigned int)
 .text._ZNSt6vectorINSt7__cxx1112basic_stringIcSt11char_traitsIcESaIcEEESaIS5_EE11_S_relocateEPS5_S8_S8_RS6_
                0x08001ffe       0x28 ./Core/Src/hearmeout.o
                0x08001ffe                std::vector<std::__cxx11::basic_string<char, std::char_traits<char>, std::allocator<char> >, std::allocator<std::__cxx11::basic_string<char, std::char_traits<char>, std::allocator<char> > > >::_S_relocate(std::__cxx11::basic_string<char, std::char_traits<char>, std::allocator<char> >*, std::__cxx11::basic_string<char, std::char_traits<char>, std::allocator<char> >*, std::__cxx11::basic_string<char, std::char_traits<char>, std::allocator<char> >*, std::allocator<std::__cxx11::basic_string<char, std::char_traits<char>, std::allocator<char> > >&)
 .text._ZNK9__gnu_cxx17__normal_iteratorIPNSt7__cxx1112basic_stringIcSt11char_traitsIcESaIcEEESt6vectorIS6_SaIS6_EEE4baseEv
                0x08002026       0x16 ./Core/Src/hearmeout.o
                0x08002026                __gnu_cxx::__normal_iterator<std::__cxx11::basic_string<char, std::char_traits<char>, std::allocator<char> >*, std::vector<std::__cxx11::basic_string<char, std::char_traits<char>, std::allocator<char> >, std::allocator<std::__cxx11::basic_string<char, std::char_traits<char>, std::allocator<char> > > > >::base() const
 .text._ZSt34__uninitialized_move_if_noexcept_aIPNSt7__cxx1112basic_stringIcSt11char_traitsIcESaIcEEES6_SaIS5_EET0_T_S9_S8_RT1_
                0x0800203c       0x32 ./Core/Src/hearmeout.o
                0x0800203c                std::__cxx11::basic_string<char, std::char_traits<char>, std::allocator<char> >* std::__uninitialized_move_if_noexcept_a<std::__cxx11::basic_string<char, std::char_traits<char>, std::allocator<char> >*, std::__cxx11::basic_string<char, std::char_traits<char>, std::allocator<char> >*, std::allocator<std::__cxx11::basic_string<char, std::char_traits<char>, std::allocator<char> > > >(std::__cxx11::basic_string<char, std::char_traits<char>, std::allocator<char> >*, std::__cxx11::basic_string<char, std::char_traits<char>, std::allocator<char> >*, std::__cxx11::basic_string<char, std::char_traits<char>, std::allocator<char> >*, std::allocator<std::__cxx11::basic_string<char, std::char_traits<char>, std::allocator<char> > >&)
 .text._ZN9__gnu_cxx17__normal_iteratorIPKNSt7__cxx1112basic_stringIcSt11char_traitsIcESaIcEEESt6vectorIS6_SaIS6_EEEC2ERKS8_
                0x0800206e       0x20 ./Core/Src/hearmeout.o
                0x0800206e                __gnu_cxx::__normal_iterator<std::__cxx11::basic_string<char, std::char_traits<char>, std::allocator<char> > const*, std::vector<std::__cxx11::basic_string<char, std::char_traits<char>, std::allocator<char> >, std::allocator<std::__cxx11::basic_string<char, std::char_traits<char>, std::allocator<char> > > > >::__normal_iterator(std::__cxx11::basic_string<char, std::char_traits<char>, std::allocator<char> > const* const&)
                0x0800206e                __gnu_cxx::__normal_iterator<std::__cxx11::basic_string<char, std::char_traits<char>, std::allocator<char> > const*, std::vector<std::__cxx11::basic_string<char, std::char_traits<char>, std::allocator<char> >, std::allocator<std::__cxx11::basic_string<char, std::char_traits<char>, std::allocator<char> > > > >::__normal_iterator(std::__cxx11::basic_string<char, std::char_traits<char>, std::allocator<char> > const* const&)
 .text._ZNK9__gnu_cxx17__normal_iteratorIPKNSt7__cxx1112basic_stringIcSt11char_traitsIcESaIcEEESt6vectorIS6_SaIS6_EEE4baseEv
                0x0800208e       0x16 ./Core/Src/hearmeout.o
                0x0800208e                __gnu_cxx::__normal_iterator<std::__cxx11::basic_string<char, std::char_traits<char>, std::allocator<char> > const*, std::vector<std::__cxx11::basic_string<char, std::char_traits<char>, std::allocator<char> >, std::allocator<std::__cxx11::basic_string<char, std::char_traits<char>, std::allocator<char> > > > >::base() const
 .text._ZSt8_DestroyIPNSt7__cxx1112basic_stringIcSt11char_traitsIcESaIcEEEEvT_S7_
                0x080020a4       0x1a ./Core/Src/hearmeout.o
                0x080020a4                void std::_Destroy<std::__cxx11::basic_string<char, std::char_traits<char>, std::allocator<char> >*>(std::__cxx11::basic_string<char, std::char_traits<char>, std::allocator<char> >*, std::__cxx11::basic_string<char, std::char_traits<char>, std::allocator<char> >*)
 .text._ZNKSt6vectorINSt7__cxx1112basic_stringIcSt11char_traitsIcESaIcEEESaIS5_EE8max_sizeEv
                0x080020be       0x22 ./Core/Src/hearmeout.o
                0x080020be                std::vector<std::__cxx11::basic_string<char, std::char_traits<char>, std::allocator<char> >, std::allocator<std::__cxx11::basic_string<char, std::char_traits<char>, std::allocator<char> > > >::max_size() const
 .text._ZSt3maxIjERKT_S2_S2_
                0x080020e0       0x28 ./Core/Src/hearmeout.o
                0x080020e0                unsigned int const& std::max<unsigned int>(unsigned int const&, unsigned int const&)
 .text._ZNSt6vectorINSt7__cxx1112basic_stringIcSt11char_traitsIcESaIcEEESaIS5_EE14_S_do_relocateEPS5_S8_S8_RS6_St17integral_constantIbLb1EE
                0x08002108       0x24 ./Core/Src/hearmeout.o
                0x08002108                std::vector<std::__cxx11::basic_string<char, std::char_traits<char>, std::allocator<char> >, std::allocator<std::__cxx11::basic_string<char, std::char_traits<char>, std::allocator<char> > > >::_S_do_relocate(std::__cxx11::basic_string<char, std::char_traits<char>, std::allocator<char> >*, std::__cxx11::basic_string<char, std::char_traits<char>, std::allocator<char> >*, std::__cxx11::basic_string<char, std::char_traits<char>, std::allocator<char> >*, std::allocator<std::__cxx11::basic_string<char, std::char_traits<char>, std::allocator<char> > >&, std::integral_constant<bool, true>)
 .text._ZSt32__make_move_if_noexcept_iteratorINSt7__cxx1112basic_stringIcSt11char_traitsIcESaIcEEESt13move_iteratorIPS5_EET0_PT_
                0x0800212c       0x1e ./Core/Src/hearmeout.o
                0x0800212c                std::move_iterator<std::__cxx11::basic_string<char, std::char_traits<char>, std::allocator<char> >*> std::__make_move_if_noexcept_iterator<std::__cxx11::basic_string<char, std::char_traits<char>, std::allocator<char> >, std::move_iterator<std::__cxx11::basic_string<char, std::char_traits<char>, std::allocator<char> >*> >(std::__cxx11::basic_string<char, std::char_traits<char>, std::allocator<char> >*)
 .text._ZSt22__uninitialized_copy_aISt13move_iteratorIPNSt7__cxx1112basic_stringIcSt11char_traitsIcESaIcEEEES7_S6_ET0_T_SA_S9_RSaIT1_E
                0x0800214a       0x22 ./Core/Src/hearmeout.o
                0x0800214a                std::__cxx11::basic_string<char, std::char_traits<char>, std::allocator<char> >* std::__uninitialized_copy_a<std::move_iterator<std::__cxx11::basic_string<char, std::char_traits<char>, std::allocator<char> >*>, std::__cxx11::basic_string<char, std::char_traits<char>, std::allocator<char> >*, std::__cxx11::basic_string<char, std::char_traits<char>, std::allocator<char> > >(std::move_iterator<std::__cxx11::basic_string<char, std::char_traits<char>, std::allocator<char> >*>, std::move_iterator<std::__cxx11::basic_string<char, std::char_traits<char>, std::allocator<char> >*>, std::__cxx11::basic_string<char, std::char_traits<char>, std::allocator<char> >*, std::allocator<std::__cxx11::basic_string<char, std::char_traits<char>, std::allocator<char> > >&)
 .text._ZNSt15__new_allocatorINSt7__cxx1112basic_stringIcSt11char_traitsIcESaIcEEEE10deallocateEPS5_j
                0x0800216c       0x26 ./Core/Src/hearmeout.o
                0x0800216c                std::__new_allocator<std::__cxx11::basic_string<char, std::char_traits<char>, std::allocator<char> > >::deallocate(std::__cxx11::basic_string<char, std::char_traits<char>, std::allocator<char> >*, unsigned int)
 .text._ZNSt12_Destroy_auxILb0EE9__destroyIPNSt7__cxx1112basic_stringIcSt11char_traitsIcESaIcEEEEEvT_S9_
                0x08002192       0x32 ./Core/Src/hearmeout.o
                0x08002192                void std::_Destroy_aux<false>::__destroy<std::__cxx11::basic_string<char, std::char_traits<char>, std::allocator<char> >*>(std::__cxx11::basic_string<char, std::char_traits<char>, std::allocator<char> >*, std::__cxx11::basic_string<char, std::char_traits<char>, std::allocator<char> >*)
 .text._ZNSt6vectorINSt7__cxx1112basic_stringIcSt11char_traitsIcESaIcEEESaIS5_EE11_S_max_sizeERKS6_
                0x080021c4       0x40 ./Core/Src/hearmeout.o
                0x080021c4                std::vector<std::__cxx11::basic_string<char, std::char_traits<char>, std::allocator<char> >, std::allocator<std::__cxx11::basic_string<char, std::char_traits<char>, std::allocator<char> > > >::_S_max_size(std::allocator<std::__cxx11::basic_string<char, std::char_traits<char>, std::allocator<char> > > const&)
 .text._ZNKSt12_Vector_baseINSt7__cxx1112basic_stringIcSt11char_traitsIcESaIcEEESaIS5_EE19_M_get_Tp_allocatorEv
                0x08002204       0x16 ./Core/Src/hearmeout.o
                0x08002204                std::_Vector_base<std::__cxx11::basic_string<char, std::char_traits<char>, std::allocator<char> >, std::allocator<std::__cxx11::basic_string<char, std::char_traits<char>, std::allocator<char> > > >::_M_get_Tp_allocator() const
 *fill*         0x0800221a        0x2 
 .text._ZNSt15__new_allocatorINSt7__cxx1112basic_stringIcSt11char_traitsIcESaIcEEEE8allocateEjPKv
                0x0800221c       0x60 ./Core/Src/hearmeout.o
                0x0800221c                std::__new_allocator<std::__cxx11::basic_string<char, std::char_traits<char>, std::allocator<char> > >::allocate(unsigned int, void const*)
 .text._ZSt12__relocate_aIPNSt7__cxx1112basic_stringIcSt11char_traitsIcESaIcEEES6_SaIS5_EET0_T_S9_S8_RT1_
                0x0800227c       0x3a ./Core/Src/hearmeout.o
                0x0800227c                std::__cxx11::basic_string<char, std::char_traits<char>, std::allocator<char> >* std::__relocate_a<std::__cxx11::basic_string<char, std::char_traits<char>, std::allocator<char> >*, std::__cxx11::basic_string<char, std::char_traits<char>, std::allocator<char> >*, std::allocator<std::__cxx11::basic_string<char, std::char_traits<char>, std::allocator<char> > > >(std::__cxx11::basic_string<char, std::char_traits<char>, std::allocator<char> >*, std::__cxx11::basic_string<char, std::char_traits<char>, std::allocator<char> >*, std::__cxx11::basic_string<char, std::char_traits<char>, std::allocator<char> >*, std::allocator<std::__cxx11::basic_string<char, std::char_traits<char>, std::allocator<char> > >&)
 .text._ZNSt13move_iteratorIPNSt7__cxx1112basic_stringIcSt11char_traitsIcESaIcEEEEC2ES6_
                0x080022b6       0x24 ./Core/Src/hearmeout.o
                0x080022b6                std::move_iterator<std::__cxx11::basic_string<char, std::char_traits<char>, std::allocator<char> >*>::move_iterator(std::__cxx11::basic_string<char, std::char_traits<char>, std::allocator<char> >*)
                0x080022b6                std::move_iterator<std::__cxx11::basic_string<char, std::char_traits<char>, std::allocator<char> >*>::move_iterator(std::__cxx11::basic_string<char, std::char_traits<char>, std::allocator<char> >*)
 .text._ZSt18uninitialized_copyISt13move_iteratorIPNSt7__cxx1112basic_stringIcSt11char_traitsIcESaIcEEEES7_ET0_T_SA_S9_
                0x080022da       0x28 ./Core/Src/hearmeout.o
                0x080022da                std::__cxx11::basic_string<char, std::char_traits<char>, std::allocator<char> >* std::uninitialized_copy<std::move_iterator<std::__cxx11::basic_string<char, std::char_traits<char>, std::allocator<char> >*>, std::__cxx11::basic_string<char, std::char_traits<char>, std::allocator<char> >*>(std::move_iterator<std::__cxx11::basic_string<char, std::char_traits<char>, std::allocator<char> >*>, std::move_iterator<std::__cxx11::basic_string<char, std::char_traits<char>, std::allocator<char> >*>, std::__cxx11::basic_string<char, std::char_traits<char>, std::allocator<char> >*)
 .text._ZSt11__addressofINSt7__cxx1112basic_stringIcSt11char_traitsIcESaIcEEEEPT_RS6_
                0x08002302       0x16 ./Core/Src/hearmeout.o
                0x08002302                std::__cxx11::basic_string<char, std::char_traits<char>, std::allocator<char> >* std::__addressof<std::__cxx11::basic_string<char, std::char_traits<char>, std::allocator<char> > >(std::__cxx11::basic_string<char, std::char_traits<char>, std::allocator<char> >&)
 .text._ZSt8_DestroyINSt7__cxx1112basic_stringIcSt11char_traitsIcESaIcEEEEvPT_
                0x08002318       0x16 ./Core/Src/hearmeout.o
                0x08002318                void std::_Destroy<std::__cxx11::basic_string<char, std::char_traits<char>, std::allocator<char> > >(std::__cxx11::basic_string<char, std::char_traits<char>, std::allocator<char> >*)
 .text._ZSt3minIjERKT_S2_S2_
                0x0800232e       0x28 ./Core/Src/hearmeout.o
                0x0800232e                unsigned int const& std::min<unsigned int>(unsigned int const&, unsigned int const&)
 .text._ZSt12__niter_baseIPNSt7__cxx1112basic_stringIcSt11char_traitsIcESaIcEEEET_S7_
                0x08002356       0x16 ./Core/Src/hearmeout.o
                0x08002356                std::__cxx11::basic_string<char, std::char_traits<char>, std::allocator<char> >* std::__niter_base<std::__cxx11::basic_string<char, std::char_traits<char>, std::allocator<char> >*>(std::__cxx11::basic_string<char, std::char_traits<char>, std::allocator<char> >*)
 .text._ZSt14__relocate_a_1IPNSt7__cxx1112basic_stringIcSt11char_traitsIcESaIcEEES6_SaIS5_EET0_T_S9_S8_RT1_
                0x0800236c       0x4c ./Core/Src/hearmeout.o
                0x0800236c                std::__cxx11::basic_string<char, std::char_traits<char>, std::allocator<char> >* std::__relocate_a_1<std::__cxx11::basic_string<char, std::char_traits<char>, std::allocator<char> >*, std::__cxx11::basic_string<char, std::char_traits<char>, std::allocator<char> >*, std::allocator<std::__cxx11::basic_string<char, std::char_traits<char>, std::allocator<char> > > >(std::__cxx11::basic_string<char, std::char_traits<char>, std::allocator<char> >*, std::__cxx11::basic_string<char, std::char_traits<char>, std::allocator<char> >*, std::__cxx11::basic_string<char, std::char_traits<char>, std::allocator<char> >*, std::allocator<std::__cxx11::basic_string<char, std::char_traits<char>, std::allocator<char> > >&)
 .text._ZSt4moveIRPNSt7__cxx1112basic_stringIcSt11char_traitsIcESaIcEEEEONSt16remove_referenceIT_E4typeEOS9_
                0x080023b8       0x16 ./Core/Src/hearmeout.o
                0x080023b8                std::remove_reference<std::__cxx11::basic_string<char, std::char_traits<char>, std::allocator<char> >*&>::type&& std::move<std::__cxx11::basic_string<char, std::char_traits<char>, std::allocator<char> >*&>(std::__cxx11::basic_string<char, std::char_traits<char>, std::allocator<char> >*&)
 .text._ZNSt20__uninitialized_copyILb0EE13__uninit_copyISt13move_iteratorIPNSt7__cxx1112basic_stringIcSt11char_traitsIcESaIcEEEES9_EET0_T_SC_SB_
                0x080023ce       0x20 ./Core/Src/hearmeout.o
                0x080023ce                std::__cxx11::basic_string<char, std::char_traits<char>, std::allocator<char> >* std::__uninitialized_copy<false>::__uninit_copy<std::move_iterator<std::__cxx11::basic_string<char, std::char_traits<char>, std::allocator<char> >*>, std::__cxx11::basic_string<char, std::char_traits<char>, std::allocator<char> >*>(std::move_iterator<std::__cxx11::basic_string<char, std::char_traits<char>, std::allocator<char> >*>, std::move_iterator<std::__cxx11::basic_string<char, std::char_traits<char>, std::allocator<char> >*>, std::__cxx11::basic_string<char, std::char_traits<char>, std::allocator<char> >*)
 .text._ZSt19__relocate_object_aINSt7__cxx1112basic_stringIcSt11char_traitsIcESaIcEEES5_SaIS5_EEvPT_PT0_RT1_
                0x080023ee       0x78 ./Core/Src/hearmeout.o
                0x080023ee                void std::__relocate_object_a<std::__cxx11::basic_string<char, std::char_traits<char>, std::allocator<char> >, std::__cxx11::basic_string<char, std::char_traits<char>, std::allocator<char> >, std::allocator<std::__cxx11::basic_string<char, std::char_traits<char>, std::allocator<char> > > >(std::__cxx11::basic_string<char, std::char_traits<char>, std::allocator<char> >*, std::__cxx11::basic_string<char, std::char_traits<char>, std::allocator<char> >*, std::allocator<std::__cxx11::basic_string<char, std::char_traits<char>, std::allocator<char> > >&)
 .text._ZSt16__do_uninit_copyISt13move_iteratorIPNSt7__cxx1112basic_stringIcSt11char_traitsIcESaIcEEEES7_ET0_T_SA_S9_
                0x08002466       0x5e ./Core/Src/hearmeout.o
                0x08002466                std::__cxx11::basic_string<char, std::char_traits<char>, std::allocator<char> >* std::__do_uninit_copy<std::move_iterator<std::__cxx11::basic_string<char, std::char_traits<char>, std::allocator<char> >*>, std::__cxx11::basic_string<char, std::char_traits<char>, std::allocator<char> >*>(std::move_iterator<std::__cxx11::basic_string<char, std::char_traits<char>, std::allocator<char> >*>, std::move_iterator<std::__cxx11::basic_string<char, std::char_traits<char>, std::allocator<char> >*>, std::__cxx11::basic_string<char, std::char_traits<char>, std::allocator<char> >*)
 .text._ZStneIPNSt7__cxx1112basic_stringIcSt11char_traitsIcESaIcEEEEbRKSt13move_iteratorIT_ESB_
                0x080024c4       0x22 ./Core/Src/hearmeout.o
                0x080024c4                bool std::operator!=<std::__cxx11::basic_string<char, std::char_traits<char>, std::allocator<char> >*>(std::move_iterator<std::__cxx11::basic_string<char, std::char_traits<char>, std::allocator<char> >*> const&, std::move_iterator<std::__cxx11::basic_string<char, std::char_traits<char>, std::allocator<char> >*> const&)
 .text._ZNSt13move_iteratorIPNSt7__cxx1112basic_stringIcSt11char_traitsIcESaIcEEEEppEv
                0x080024e6       0x22 ./Core/Src/hearmeout.o
                0x080024e6                std::move_iterator<std::__cxx11::basic_string<char, std::char_traits<char>, std::allocator<char> >*>::operator++()
 .text._ZNKSt13move_iteratorIPNSt7__cxx1112basic_stringIcSt11char_traitsIcESaIcEEEEdeEv
                0x08002508       0x18 ./Core/Src/hearmeout.o
                0x08002508                std::move_iterator<std::__cxx11::basic_string<char, std::char_traits<char>, std::allocator<char> >*>::operator*() const
 .text._ZSt10_ConstructINSt7__cxx1112basic_stringIcSt11char_traitsIcESaIcEEEJS5_EEvPT_DpOT0_
                0x08002520       0x2e ./Core/Src/hearmeout.o
                0x08002520                void std::_Construct<std::__cxx11::basic_string<char, std::char_traits<char>, std::allocator<char> >, std::__cxx11::basic_string<char, std::char_traits<char>, std::allocator<char> > >(std::__cxx11::basic_string<char, std::char_traits<char>, std::allocator<char> >*, std::__cxx11::basic_string<char, std::char_traits<char>, std::allocator<char> >&&)
 .text._ZSt7forwardINSt7__cxx1112basic_stringIcSt11char_traitsIcESaIcEEEEOT_RNSt16remove_referenceIS6_E4typeE
                0x0800254e       0x16 ./Core/Src/hearmeout.o
                0x0800254e                std::__cxx11::basic_string<char, std::char_traits<char>, std::allocator<char> >&& std::forward<std::__cxx11::basic_string<char, std::char_traits<char>, std::allocator<char> > >(std::remove_reference<std::__cxx11::basic_string<char, std::char_traits<char>, std::allocator<char> > >::type&)
 .text._ZSteqIPNSt7__cxx1112basic_stringIcSt11char_traitsIcESaIcEEEEbRKSt13move_iteratorIT_ESB_
                0x08002564       0x2c ./Core/Src/hearmeout.o
                0x08002564                bool std::operator==<std::__cxx11::basic_string<char, std::char_traits<char>, std::allocator<char> >*>(std::move_iterator<std::__cxx11::basic_string<char, std::char_traits<char>, std::allocator<char> >*> const&, std::move_iterator<std::__cxx11::basic_string<char, std::char_traits<char>, std::allocator<char> >*> const&)
 .text._ZNKSt13move_iteratorIPNSt7__cxx1112basic_stringIcSt11char_traitsIcESaIcEEEE4baseEv
                0x08002590       0x18 ./Core/Src/hearmeout.o
                0x08002590                std::move_iterator<std::__cxx11::basic_string<char, std::char_traits<char>, std::allocator<char> >*>::base() const
 .text._Z41__static_initialization_and_destruction_0v
                0x080025a8       0x14 ./Core/Src/hearmeout.o
 .text._ZN2SDD2Ev
                0x080025bc       0x2e ./Core/Src/hearmeout.o
                0x080025bc                SD::~SD()
                0x080025bc                SD::~SD()
 *fill*         0x080025ea        0x2 
 .text._Z41__static_initialization_and_destruction_1v
                0x080025ec       0x14 ./Core/Src/hearmeout.o
 .text._GLOBAL__sub_I_sd
                0x08002600        0xa ./Core/Src/hearmeout.o
 .text._GLOBAL__sub_D_sd
                0x0800260a        0xa ./Core/Src/hearmeout.o
 .text.main     0x08002614       0x2c ./Core/Src/main.o
                0x08002614                main
 .text.SystemClock_Config
                0x08002640       0xa2 ./Core/Src/main.o
                0x08002640                SystemClock_Config
 *fill*         0x080026e2        0x2 
 .text.MX_LPUART1_UART_Init
                0x080026e4       0x98 ./Core/Src/main.o
 .text.MX_SPI1_Init
                0x0800277c       0x7c ./Core/Src/main.o
 .text.MX_TIM1_Init
                0x080027f8      0x15c ./Core/Src/main.o
 .text.MX_TIM2_Init
                0x08002954      0x104 ./Core/Src/main.o
 .text.MX_DMA_Init
                0x08002a58       0x84 ./Core/Src/main.o
 .text.MX_GPIO_Init
                0x08002adc       0xdc ./Core/Src/main.o
 .text.__io_putchar
                0x08002bb8       0x24 ./Core/Src/main.o
                0x08002bb8                __io_putchar
 .text.Error_Handler
                0x08002bdc        0xc ./Core/Src/main.o
                0x08002bdc                Error_Handler
 .text.SD_disk_status
                0x08002be8       0x22 ./Core/Src/sd_diskio_spi.o
                0x08002be8                SD_disk_status
 .text.SD_disk_initialize
                0x08002c0a       0x2c ./Core/Src/sd_diskio_spi.o
                0x08002c0a                SD_disk_initialize
 *fill*         0x08002c36        0x2 
 .text.SD_disk_read
                0x08002c38       0x50 ./Core/Src/sd_diskio_spi.o
                0x08002c38                SD_disk_read
 .text.SD_disk_write
                0x08002c88       0x50 ./Core/Src/sd_diskio_spi.o
                0x08002c88                SD_disk_write
 .text.SD_disk_ioctl
                0x08002cd8       0x6c ./Core/Src/sd_diskio_spi.o
                0x08002cd8                SD_disk_ioctl
 .text.HAL_SPI_TxCpltCallback
                0x08002d44       0x2c ./Core/Src/sd_spi.o
                0x08002d44                HAL_SPI_TxCpltCallback
 .text.HAL_SPI_TxRxCpltCallback
                0x08002d70       0x2c ./Core/Src/sd_spi.o
                0x08002d70                HAL_SPI_TxRxCpltCallback
 .text.SD_TransmitByte
                0x08002d9c       0x24 ./Core/Src/sd_spi.o
 .text.SD_ReceiveByte
                0x08002dc0       0x30 ./Core/Src/sd_spi.o
 .text.SD_TransmitBuffer
                0x08002df0       0x3c ./Core/Src/sd_spi.o
 .text.SD_ReceiveBuffer
                0x08002e2c       0x5c ./Core/Src/sd_spi.o
 .text.SD_WaitReady
                0x08002e88       0x3a ./Core/Src/sd_spi.o
 .text.SD_SendCommand
                0x08002ec2       0x82 ./Core/Src/sd_spi.o
 .text.SD_SPI_Init
                0x08002f44      0x1e4 ./Core/Src/sd_spi.o
                0x08002f44                SD_SPI_Init
 .text.SD_ReadBlocks
                0x08003128       0xd0 ./Core/Src/sd_spi.o
                0x08003128                SD_ReadBlocks
 .text.SD_ReadMultiBlocks
                0x080031f8       0xd8 ./Core/Src/sd_spi.o
                0x080031f8                SD_ReadMultiBlocks
 .text.SD_WriteBlocks
                0x080032d0       0xcc ./Core/Src/sd_spi.o
                0x080032d0                SD_WriteBlocks
 .text.SD_WriteMultiBlocks
                0x0800339c       0xdc ./Core/Src/sd_spi.o
                0x0800339c                SD_WriteMultiBlocks
 .text.HAL_MspInit
                0x08003478       0x48 ./Core/Src/stm32l4xx_hal_msp.o
                0x08003478                HAL_MspInit
 .text.HAL_UART_MspInit
                0x080034c0       0xc0 ./Core/Src/stm32l4xx_hal_msp.o
                0x080034c0                HAL_UART_MspInit
 .text.HAL_SPI_MspInit
                0x08003580      0x140 ./Core/Src/stm32l4xx_hal_msp.o
                0x08003580                HAL_SPI_MspInit
 .text.HAL_TIM_Base_MspInit
                0x080036c0       0xe8 ./Core/Src/stm32l4xx_hal_msp.o
                0x080036c0                HAL_TIM_Base_MspInit
 .text.HAL_TIM_MspPostInit
                0x080037a8       0xb8 ./Core/Src/stm32l4xx_hal_msp.o
                0x080037a8                HAL_TIM_MspPostInit
 .text.NMI_Handler
                0x08003860        0x8 ./Core/Src/stm32l4xx_it.o
                0x08003860                NMI_Handler
 .text.HardFault_Handler
                0x08003868        0x8 ./Core/Src/stm32l4xx_it.o
                0x08003868                HardFault_Handler
 .text.MemManage_Handler
                0x08003870        0x8 ./Core/Src/stm32l4xx_it.o
                0x08003870                MemManage_Handler
 .text.BusFault_Handler
                0x08003878        0x8 ./Core/Src/stm32l4xx_it.o
                0x08003878                BusFault_Handler
 .text.UsageFault_Handler
                0x08003880        0x8 ./Core/Src/stm32l4xx_it.o
                0x08003880                UsageFault_Handler
 .text.SVC_Handler
                0x08003888        0xe ./Core/Src/stm32l4xx_it.o
                0x08003888                SVC_Handler
 .text.DebugMon_Handler
                0x08003896        0xe ./Core/Src/stm32l4xx_it.o
                0x08003896                DebugMon_Handler
 .text.PendSV_Handler
                0x080038a4        0xe ./Core/Src/stm32l4xx_it.o
                0x080038a4                PendSV_Handler
 .text.SysTick_Handler
                0x080038b2        0xc ./Core/Src/stm32l4xx_it.o
                0x080038b2                SysTick_Handler
 *fill*         0x080038be        0x2 
 .text.DMA1_Channel1_IRQHandler
                0x080038c0       0x14 ./Core/Src/stm32l4xx_it.o
                0x080038c0                DMA1_Channel1_IRQHandler
 .text.DMA1_Channel2_IRQHandler
                0x080038d4       0x14 ./Core/Src/stm32l4xx_it.o
                0x080038d4                DMA1_Channel2_IRQHandler
 .text.DMA1_Channel3_IRQHandler
                0x080038e8       0x14 ./Core/Src/stm32l4xx_it.o
                0x080038e8                DMA1_Channel3_IRQHandler
 .text.EXTI15_10_IRQHandler
                0x080038fc       0x10 ./Core/Src/stm32l4xx_it.o
                0x080038fc                EXTI15_10_IRQHandler
 .text.DMAMUX1_OVR_IRQHandler
                0x0800390c       0x14 ./Core/Src/stm32l4xx_it.o
                0x0800390c                DMAMUX1_OVR_IRQHandler
 .text._getpid  0x08003920       0x10 ./Core/Src/syscalls.o
                0x08003920                _getpid
 .text._kill    0x08003930       0x20 ./Core/Src/syscalls.o
                0x08003930                _kill
 .text._exit    0x08003950       0x16 ./Core/Src/syscalls.o
                0x08003950                _exit
 .text._read    0x08003966       0x3a ./Core/Src/syscalls.o
                0x08003966                _read
 .text._write   0x080039a0       0x38 ./Core/Src/syscalls.o
                0x080039a0                _write
 .text._close   0x080039d8       0x18 ./Core/Src/syscalls.o
                0x080039d8                _close
 .text._fstat   0x080039f0       0x20 ./Core/Src/syscalls.o
                0x080039f0                _fstat
 .text._isatty  0x08003a10       0x16 ./Core/Src/syscalls.o
                0x08003a10                _isatty
 .text._lseek   0x08003a26       0x1a ./Core/Src/syscalls.o
                0x08003a26                _lseek
 .text._sbrk    0x08003a40       0x6c ./Core/Src/sysmem.o
                0x08003a40                _sbrk
 .text.SystemInit
                0x08003aac       0x24 ./Core/Src/system_stm32l4xx.o
                0x08003aac                SystemInit
 .text.Reset_Handler
                0x08003ad0       0x50 ./Core/Startup/startup_stm32l4r5zitxp.o
                0x08003ad0                Reset_Handler
 .text.Default_Handler
                0x08003b20        0x2 ./Core/Startup/startup_stm32l4r5zitxp.o
                0x08003b20                RTC_Alarm_IRQHandler
                0x08003b20                EXTI2_IRQHandler
                0x08003b20                TIM8_TRG_COM_IRQHandler
                0x08003b20                TIM8_CC_IRQHandler
                0x08003b20                TIM1_CC_IRQHandler
                0x08003b20                TSC_IRQHandler
                0x08003b20                TAMP_STAMP_IRQHandler
                0x08003b20                EXTI3_IRQHandler
                0x08003b20                LPTIM2_IRQHandler
                0x08003b20                DFSDM1_FLT1_IRQHandler
                0x08003b20                GFXMMU_IRQHandler
                0x08003b20                I2C3_ER_IRQHandler
                0x08003b20                DFSDM1_FLT2_IRQHandler
                0x08003b20                EXTI0_IRQHandler
                0x08003b20                I2C2_EV_IRQHandler
                0x08003b20                CAN1_RX0_IRQHandler
                0x08003b20                FPU_IRQHandler
                0x08003b20                TIM1_UP_TIM16_IRQHandler
                0x08003b20                LTDC_ER_IRQHandler
                0x08003b20                SPI1_IRQHandler
                0x08003b20                OCTOSPI1_IRQHandler
                0x08003b20                TIM6_DAC_IRQHandler
                0x08003b20                DCMI_IRQHandler
                0x08003b20                TIM8_UP_IRQHandler
                0x08003b20                OCTOSPI2_IRQHandler
                0x08003b20                DMA2_Channel2_IRQHandler
                0x08003b20                DMA1_Channel4_IRQHandler
                0x08003b20                SAI2_IRQHandler
                0x08003b20                ADC1_IRQHandler
                0x08003b20                DFSDM1_FLT3_IRQHandler
                0x08003b20                USART3_IRQHandler
                0x08003b20                DMA1_Channel7_IRQHandler
                0x08003b20                CAN1_RX1_IRQHandler
                0x08003b20                UART5_IRQHandler
                0x08003b20                TIM4_IRQHandler
                0x08003b20                DMA2_Channel1_IRQHandler
                0x08003b20                I2C1_EV_IRQHandler
                0x08003b20                DMA1_Channel6_IRQHandler
                0x08003b20                UART4_IRQHandler
                0x08003b20                DMA2_Channel4_IRQHandler
                0x08003b20                TIM3_IRQHandler
                0x08003b20                RCC_IRQHandler
                0x08003b20                Default_Handler
                0x08003b20                DMA2_Channel7_IRQHandler
                0x08003b20                TIM7_IRQHandler
                0x08003b20                SDMMC1_IRQHandler
                0x08003b20                TIM5_IRQHandler
                0x08003b20                I2C3_EV_IRQHandler
                0x08003b20                EXTI9_5_IRQHandler
                0x08003b20                RTC_WKUP_IRQHandler
                0x08003b20                LTDC_IRQHandler
                0x08003b20                PVD_PVM_IRQHandler
                0x08003b20                SPI2_IRQHandler
                0x08003b20                CAN1_TX_IRQHandler
                0x08003b20                DMA2_Channel5_IRQHandler
                0x08003b20                CRS_IRQHandler
                0x08003b20                DMA1_Channel5_IRQHandler
                0x08003b20                EXTI4_IRQHandler
                0x08003b20                RNG_IRQHandler
                0x08003b20                TIM1_TRG_COM_TIM17_IRQHandler
                0x08003b20                COMP_IRQHandler
                0x08003b20                WWDG_IRQHandler
                0x08003b20                I2C4_EV_IRQHandler
                0x08003b20                LPUART1_IRQHandler
                0x08003b20                DMA2_Channel6_IRQHandler
                0x08003b20                TIM2_IRQHandler
                0x08003b20                DMA2D_IRQHandler
                0x08003b20                EXTI1_IRQHandler
                0x08003b20                USART2_IRQHandler
                0x08003b20                DFSDM1_FLT0_IRQHandler
                0x08003b20                I2C2_ER_IRQHandler
                0x08003b20                TIM8_BRK_IRQHandler
                0x08003b20                CAN1_SCE_IRQHandler
                0x08003b20                FLASH_IRQHandler
                0x08003b20                USART1_IRQHandler
                0x08003b20                OTG_FS_IRQHandler
                0x08003b20                SPI3_IRQHandler
                0x08003b20                I2C1_ER_IRQHandler
                0x08003b20                FMC_IRQHandler
                0x08003b20                LPTIM1_IRQHandler
                0x08003b20                I2C4_ER_IRQHandler
                0x08003b20                SAI1_IRQHandler
                0x08003b20                DMA2_Channel3_IRQHandler
                0x08003b20                TIM1_BRK_TIM15_IRQHandler
 .text.HAL_Init
                0x08003b22       0x30 ./Drivers/STM32L4xx_HAL_Driver/Src/stm32l4xx_hal.o
                0x08003b22                HAL_Init
 *fill*         0x08003b52        0x2 
 .text.HAL_InitTick
                0x08003b54       0x78 ./Drivers/STM32L4xx_HAL_Driver/Src/stm32l4xx_hal.o
                0x08003b54                HAL_InitTick
 .text.HAL_IncTick
                0x08003bcc       0x28 ./Drivers/STM32L4xx_HAL_Driver/Src/stm32l4xx_hal.o
                0x08003bcc                HAL_IncTick
 .text.HAL_GetTick
                0x08003bf4       0x18 ./Drivers/STM32L4xx_HAL_Driver/Src/stm32l4xx_hal.o
                0x08003bf4                HAL_GetTick
 .text.__NVIC_SetPriorityGrouping
                0x08003c0c       0x48 ./Drivers/STM32L4xx_HAL_Driver/Src/stm32l4xx_hal_cortex.o
 .text.__NVIC_GetPriorityGrouping
                0x08003c54       0x1c ./Drivers/STM32L4xx_HAL_Driver/Src/stm32l4xx_hal_cortex.o
 .text.__NVIC_EnableIRQ
                0x08003c70       0x3c ./Drivers/STM32L4xx_HAL_Driver/Src/stm32l4xx_hal_cortex.o
 .text.__NVIC_SetPriority
                0x08003cac       0x54 ./Drivers/STM32L4xx_HAL_Driver/Src/stm32l4xx_hal_cortex.o
 .text.NVIC_EncodePriority
                0x08003d00       0x66 ./Drivers/STM32L4xx_HAL_Driver/Src/stm32l4xx_hal_cortex.o
 *fill*         0x08003d66        0x2 
 .text.SysTick_Config
                0x08003d68       0x44 ./Drivers/STM32L4xx_HAL_Driver/Src/stm32l4xx_hal_cortex.o
 .text.HAL_NVIC_SetPriorityGrouping
                0x08003dac       0x16 ./Drivers/STM32L4xx_HAL_Driver/Src/stm32l4xx_hal_cortex.o
                0x08003dac                HAL_NVIC_SetPriorityGrouping
 .text.HAL_NVIC_SetPriority
                0x08003dc2       0x38 ./Drivers/STM32L4xx_HAL_Driver/Src/stm32l4xx_hal_cortex.o
                0x08003dc2                HAL_NVIC_SetPriority
 .text.HAL_NVIC_EnableIRQ
                0x08003dfa       0x1c ./Drivers/STM32L4xx_HAL_Driver/Src/stm32l4xx_hal_cortex.o
                0x08003dfa                HAL_NVIC_EnableIRQ
 .text.HAL_SYSTICK_Config
                0x08003e16       0x18 ./Drivers/STM32L4xx_HAL_Driver/Src/stm32l4xx_hal_cortex.o
                0x08003e16                HAL_SYSTICK_Config
 *fill*         0x08003e2e        0x2 
 .text.HAL_DMA_Init
                0x08003e30      0x150 ./Drivers/STM32L4xx_HAL_Driver/Src/stm32l4xx_hal_dma.o
                0x08003e30                HAL_DMA_Init
 .text.HAL_DMA_Start_IT
                0x08003f80       0xf6 ./Drivers/STM32L4xx_HAL_Driver/Src/stm32l4xx_hal_dma.o
                0x08003f80                HAL_DMA_Start_IT
 .text.HAL_DMA_Abort
                0x08004076       0xb8 ./Drivers/STM32L4xx_HAL_Driver/Src/stm32l4xx_hal_dma.o
                0x08004076                HAL_DMA_Abort
 .text.HAL_DMA_IRQHandler
                0x0800412e      0x15e ./Drivers/STM32L4xx_HAL_Driver/Src/stm32l4xx_hal_dma.o
                0x0800412e                HAL_DMA_IRQHandler
 .text.HAL_DMA_RegisterCallback
                0x0800428c       0x90 ./Drivers/STM32L4xx_HAL_Driver/Src/stm32l4xx_hal_dma.o
                0x0800428c                HAL_DMA_RegisterCallback
 .text.DMA_SetConfig
                0x0800431c       0x7c ./Drivers/STM32L4xx_HAL_Driver/Src/stm32l4xx_hal_dma.o
 .text.DMA_CalcDMAMUXChannelBaseAndMask
                0x08004398       0x7c ./Drivers/STM32L4xx_HAL_Driver/Src/stm32l4xx_hal_dma.o
 .text.DMA_CalcDMAMUXRequestGenBaseAndMask
                0x08004414       0x48 ./Drivers/STM32L4xx_HAL_Driver/Src/stm32l4xx_hal_dma.o
 .text.HAL_DMAEx_ConfigMuxSync
                0x0800445c       0x7c ./Drivers/STM32L4xx_HAL_Driver/Src/stm32l4xx_hal_dma_ex.o
                0x0800445c                HAL_DMAEx_ConfigMuxSync
 .text.HAL_DMAEx_MUX_IRQHandler
                0x080044d8       0xa4 ./Drivers/STM32L4xx_HAL_Driver/Src/stm32l4xx_hal_dma_ex.o
                0x080044d8                HAL_DMAEx_MUX_IRQHandler
 .text.HAL_GPIO_Init
                0x0800457c      0x324 ./Drivers/STM32L4xx_HAL_Driver/Src/stm32l4xx_hal_gpio.o
                0x0800457c                HAL_GPIO_Init
 .text.HAL_GPIO_WritePin
                0x080048a0       0x30 ./Drivers/STM32L4xx_HAL_Driver/Src/stm32l4xx_hal_gpio.o
                0x080048a0                HAL_GPIO_WritePin
 .text.HAL_GPIO_EXTI_IRQHandler
                0x080048d0       0x30 ./Drivers/STM32L4xx_HAL_Driver/Src/stm32l4xx_hal_gpio.o
                0x080048d0                HAL_GPIO_EXTI_IRQHandler
 .text.HAL_PWREx_GetVoltageRange
                0x08004900       0x40 ./Drivers/STM32L4xx_HAL_Driver/Src/stm32l4xx_hal_pwr_ex.o
                0x08004900                HAL_PWREx_GetVoltageRange
 .text.HAL_PWREx_ControlVoltageScaling
                0x08004940      0x148 ./Drivers/STM32L4xx_HAL_Driver/Src/stm32l4xx_hal_pwr_ex.o
                0x08004940                HAL_PWREx_ControlVoltageScaling
 .text.HAL_PWREx_EnableVddIO2
                0x08004a88       0x20 ./Drivers/STM32L4xx_HAL_Driver/Src/stm32l4xx_hal_pwr_ex.o
                0x08004a88                HAL_PWREx_EnableVddIO2
 .text.HAL_RCC_OscConfig
                0x08004aa8      0x834 ./Drivers/STM32L4xx_HAL_Driver/Src/stm32l4xx_hal_rcc.o
                0x08004aa8                HAL_RCC_OscConfig
 .text.HAL_RCC_ClockConfig
                0x080052dc      0x274 ./Drivers/STM32L4xx_HAL_Driver/Src/stm32l4xx_hal_rcc.o
                0x080052dc                HAL_RCC_ClockConfig
 .text.HAL_RCC_GetSysClockFreq
                0x08005550      0x118 ./Drivers/STM32L4xx_HAL_Driver/Src/stm32l4xx_hal_rcc.o
                0x08005550                HAL_RCC_GetSysClockFreq
 .text.HAL_RCC_GetHCLKFreq
                0x08005668       0x18 ./Drivers/STM32L4xx_HAL_Driver/Src/stm32l4xx_hal_rcc.o
                0x08005668                HAL_RCC_GetHCLKFreq
 .text.HAL_RCC_GetPCLK1Freq
                0x08005680       0x2c ./Drivers/STM32L4xx_HAL_Driver/Src/stm32l4xx_hal_rcc.o
                0x08005680                HAL_RCC_GetPCLK1Freq
 .text.HAL_RCC_GetPCLK2Freq
                0x080056ac       0x2c ./Drivers/STM32L4xx_HAL_Driver/Src/stm32l4xx_hal_rcc.o
                0x080056ac                HAL_RCC_GetPCLK2Freq
 .text.RCC_SetFlashLatencyFromMSIRange
                0x080056d8       0xb4 ./Drivers/STM32L4xx_HAL_Driver/Src/stm32l4xx_hal_rcc.o
 .text.RCC_GetSysClockFreqFromPLLSource
                0x0800578c       0xcc ./Drivers/STM32L4xx_HAL_Driver/Src/stm32l4xx_hal_rcc.o
 .text.HAL_RCCEx_PeriphCLKConfig
                0x08005858      0x660 ./Drivers/STM32L4xx_HAL_Driver/Src/stm32l4xx_hal_rcc_ex.o
                0x08005858                HAL_RCCEx_PeriphCLKConfig
 .text.RCCEx_PLLSAI1_Config
                0x08005eb8      0x1e8 ./Drivers/STM32L4xx_HAL_Driver/Src/stm32l4xx_hal_rcc_ex.o
 .text.RCCEx_PLLSAI2_Config
                0x080060a0      0x1e8 ./Drivers/STM32L4xx_HAL_Driver/Src/stm32l4xx_hal_rcc_ex.o
 .text.HAL_SPI_Init
                0x08006288      0x146 ./Drivers/STM32L4xx_HAL_Driver/Src/stm32l4xx_hal_spi.o
                0x08006288                HAL_SPI_Init
 .text.HAL_SPI_Transmit
                0x080063ce      0x2ec ./Drivers/STM32L4xx_HAL_Driver/Src/stm32l4xx_hal_spi.o
                0x080063ce                HAL_SPI_Transmit
 .text.HAL_SPI_TransmitReceive
                0x080066ba      0x43e ./Drivers/STM32L4xx_HAL_Driver/Src/stm32l4xx_hal_spi.o
                0x080066ba                HAL_SPI_TransmitReceive
 .text.HAL_SPI_Transmit_DMA
                0x08006af8      0x1dc ./Drivers/STM32L4xx_HAL_Driver/Src/stm32l4xx_hal_spi.o
                0x08006af8                HAL_SPI_Transmit_DMA
 .text.HAL_SPI_TransmitReceive_DMA
                0x08006cd4      0x30c ./Drivers/STM32L4xx_HAL_Driver/Src/stm32l4xx_hal_spi.o
                0x08006cd4                HAL_SPI_TransmitReceive_DMA
 .text.HAL_SPI_RxCpltCallback
                0x08006fe0       0x14 ./Drivers/STM32L4xx_HAL_Driver/Src/stm32l4xx_hal_spi.o
                0x08006fe0                HAL_SPI_RxCpltCallback
 .text.HAL_SPI_TxHalfCpltCallback
                0x08006ff4       0x14 ./Drivers/STM32L4xx_HAL_Driver/Src/stm32l4xx_hal_spi.o
                0x08006ff4                HAL_SPI_TxHalfCpltCallback
 .text.HAL_SPI_RxHalfCpltCallback
                0x08007008       0x14 ./Drivers/STM32L4xx_HAL_Driver/Src/stm32l4xx_hal_spi.o
                0x08007008                HAL_SPI_RxHalfCpltCallback
 .text.HAL_SPI_TxRxHalfCpltCallback
                0x0800701c       0x14 ./Drivers/STM32L4xx_HAL_Driver/Src/stm32l4xx_hal_spi.o
                0x0800701c                HAL_SPI_TxRxHalfCpltCallback
 .text.HAL_SPI_ErrorCallback
                0x08007030       0x14 ./Drivers/STM32L4xx_HAL_Driver/Src/stm32l4xx_hal_spi.o
                0x08007030                HAL_SPI_ErrorCallback
 .text.SPI_DMATransmitCplt
                0x08007044       0xa6 ./Drivers/STM32L4xx_HAL_Driver/Src/stm32l4xx_hal_spi.o
 .text.SPI_DMAReceiveCplt
                0x080070ea       0xa8 ./Drivers/STM32L4xx_HAL_Driver/Src/stm32l4xx_hal_spi.o
 .text.SPI_DMATransmitReceiveCplt
                0x08007192       0x90 ./Drivers/STM32L4xx_HAL_Driver/Src/stm32l4xx_hal_spi.o
 .text.SPI_DMAHalfTransmitCplt
                0x08007222       0x1c ./Drivers/STM32L4xx_HAL_Driver/Src/stm32l4xx_hal_spi.o
 .text.SPI_DMAHalfReceiveCplt
                0x0800723e       0x1c ./Drivers/STM32L4xx_HAL_Driver/Src/stm32l4xx_hal_spi.o
 .text.SPI_DMAHalfTransmitReceiveCplt
                0x0800725a       0x1c ./Drivers/STM32L4xx_HAL_Driver/Src/stm32l4xx_hal_spi.o
 .text.SPI_DMAError
                0x08007276       0x40 ./Drivers/STM32L4xx_HAL_Driver/Src/stm32l4xx_hal_spi.o
 *fill*         0x080072b6        0x2 
 .text.SPI_WaitFlagStateUntilTimeout
                0x080072b8      0x110 ./Drivers/STM32L4xx_HAL_Driver/Src/stm32l4xx_hal_spi.o
 .text.SPI_WaitFifoStateUntilTimeout
                0x080073c8      0x12c ./Drivers/STM32L4xx_HAL_Driver/Src/stm32l4xx_hal_spi.o
 .text.SPI_EndRxTransaction
                0x080074f4       0xb0 ./Drivers/STM32L4xx_HAL_Driver/Src/stm32l4xx_hal_spi.o
 .text.SPI_EndRxTxTransaction
                0x080075a4       0x8c ./Drivers/STM32L4xx_HAL_Driver/Src/stm32l4xx_hal_spi.o
 .text.HAL_TIM_Base_Init
                0x08007630       0xae ./Drivers/STM32L4xx_HAL_Driver/Src/stm32l4xx_hal_tim.o
                0x08007630                HAL_TIM_Base_Init
 .text.HAL_TIM_PWM_Init
                0x080076de       0xae ./Drivers/STM32L4xx_HAL_Driver/Src/stm32l4xx_hal_tim.o
                0x080076de                HAL_TIM_PWM_Init
 .text.HAL_TIM_PWM_MspInit
                0x0800778c       0x14 ./Drivers/STM32L4xx_HAL_Driver/Src/stm32l4xx_hal_tim.o
                0x0800778c                HAL_TIM_PWM_MspInit
 .text.HAL_TIM_PWM_Start
                0x080077a0      0x20c ./Drivers/STM32L4xx_HAL_Driver/Src/stm32l4xx_hal_tim.o
                0x080077a0                HAL_TIM_PWM_Start
 .text.HAL_TIM_PWM_ConfigChannel
                0x080079ac      0x228 ./Drivers/STM32L4xx_HAL_Driver/Src/stm32l4xx_hal_tim.o
                0x080079ac                HAL_TIM_PWM_ConfigChannel
 .text.HAL_TIM_ConfigClockSource
                0x08007bd4      0x192 ./Drivers/STM32L4xx_HAL_Driver/Src/stm32l4xx_hal_tim.o
                0x08007bd4                HAL_TIM_ConfigClockSource
 *fill*         0x08007d66        0x2 
 .text.TIM_Base_SetConfig
                0x08007d68      0x14c ./Drivers/STM32L4xx_HAL_Driver/Src/stm32l4xx_hal_tim.o
                0x08007d68                TIM_Base_SetConfig
 .text.TIM_OC1_SetConfig
                0x08007eb4      0x120 ./Drivers/STM32L4xx_HAL_Driver/Src/stm32l4xx_hal_tim.o
 .text.TIM_OC2_SetConfig
                0x08007fd4      0x114 ./Drivers/STM32L4xx_HAL_Driver/Src/stm32l4xx_hal_tim.o
                0x08007fd4                TIM_OC2_SetConfig
 .text.TIM_OC3_SetConfig
                0x080080e8      0x110 ./Drivers/STM32L4xx_HAL_Driver/Src/stm32l4xx_hal_tim.o
 .text.TIM_OC4_SetConfig
                0x080081f8       0xd4 ./Drivers/STM32L4xx_HAL_Driver/Src/stm32l4xx_hal_tim.o
 .text.TIM_OC5_SetConfig
                0x080082cc       0xc8 ./Drivers/STM32L4xx_HAL_Driver/Src/stm32l4xx_hal_tim.o
 .text.TIM_OC6_SetConfig
                0x08008394       0xcc ./Drivers/STM32L4xx_HAL_Driver/Src/stm32l4xx_hal_tim.o
 .text.TIM_TI1_ConfigInputStage
                0x08008460       0x5e ./Drivers/STM32L4xx_HAL_Driver/Src/stm32l4xx_hal_tim.o
 .text.TIM_TI2_ConfigInputStage
                0x080084be       0x60 ./Drivers/STM32L4xx_HAL_Driver/Src/stm32l4xx_hal_tim.o
 .text.TIM_ITRx_SetConfig
                0x0800851e       0x36 ./Drivers/STM32L4xx_HAL_Driver/Src/stm32l4xx_hal_tim.o
 .text.TIM_ETR_SetConfig
                0x08008554       0x40 ./Drivers/STM32L4xx_HAL_Driver/Src/stm32l4xx_hal_tim.o
                0x08008554                TIM_ETR_SetConfig
 .text.TIM_CCxChannelCmd
                0x08008594       0x4a ./Drivers/STM32L4xx_HAL_Driver/Src/stm32l4xx_hal_tim.o
                0x08008594                TIM_CCxChannelCmd
 *fill*         0x080085de        0x2 
 .text.HAL_TIMEx_PWMN_Start
                0x080085e0      0x174 ./Drivers/STM32L4xx_HAL_Driver/Src/stm32l4xx_hal_tim_ex.o
                0x080085e0                HAL_TIMEx_PWMN_Start
 .text.HAL_TIMEx_MasterConfigSynchronization
                0x08008754      0x110 ./Drivers/STM32L4xx_HAL_Driver/Src/stm32l4xx_hal_tim_ex.o
                0x08008754                HAL_TIMEx_MasterConfigSynchronization
 .text.HAL_TIMEx_ConfigBreakDeadTime
                0x08008864       0xfc ./Drivers/STM32L4xx_HAL_Driver/Src/stm32l4xx_hal_tim_ex.o
                0x08008864                HAL_TIMEx_ConfigBreakDeadTime
 .text.TIM_CCxNChannelCmd
                0x08008960       0x4a ./Drivers/STM32L4xx_HAL_Driver/Src/stm32l4xx_hal_tim_ex.o
 .text.HAL_UART_Init
                0x080089aa       0xa0 ./Drivers/STM32L4xx_HAL_Driver/Src/stm32l4xx_hal_uart.o
                0x080089aa                HAL_UART_Init
 .text.HAL_UART_Transmit
                0x08008a4a      0x11c ./Drivers/STM32L4xx_HAL_Driver/Src/stm32l4xx_hal_uart.o
                0x08008a4a                HAL_UART_Transmit
 *fill*         0x08008b66        0x2 
 .text.UART_SetConfig
                0x08008b68      0x5f8 ./Drivers/STM32L4xx_HAL_Driver/Src/stm32l4xx_hal_uart.o
                0x08008b68                UART_SetConfig
 .text.UART_AdvFeatureConfig
                0x08009160      0x144 ./Drivers/STM32L4xx_HAL_Driver/Src/stm32l4xx_hal_uart.o
                0x08009160                UART_AdvFeatureConfig
 .text.UART_CheckIdleState
                0x080092a4      0x154 ./Drivers/STM32L4xx_HAL_Driver/Src/stm32l4xx_hal_uart.o
                0x080092a4                UART_CheckIdleState
 .text.UART_WaitOnFlagUntilTimeout
                0x080093f8       0xda ./Drivers/STM32L4xx_HAL_Driver/Src/stm32l4xx_hal_uart.o
                0x080093f8                UART_WaitOnFlagUntilTimeout
 .text.UART_EndRxTransfer
                0x080094d2       0xcc ./Drivers/STM32L4xx_HAL_Driver/Src/stm32l4xx_hal_uart.o
 .text.HAL_UARTEx_DisableFifoMode
                0x0800959e       0x72 ./Drivers/STM32L4xx_HAL_Driver/Src/stm32l4xx_hal_uart_ex.o
                0x0800959e                HAL_UARTEx_DisableFifoMode
 .text.HAL_UARTEx_SetTxFifoThreshold
                0x08009610       0x7c ./Drivers/STM32L4xx_HAL_Driver/Src/stm32l4xx_hal_uart_ex.o
                0x08009610                HAL_UARTEx_SetTxFifoThreshold
 .text.HAL_UARTEx_SetRxFifoThreshold
                0x0800968c       0x7c ./Drivers/STM32L4xx_HAL_Driver/Src/stm32l4xx_hal_uart_ex.o
                0x0800968c                HAL_UARTEx_SetRxFifoThreshold
 .text.UARTEx_SetNbDataToProcess
                0x08009708       0x9c ./Drivers/STM32L4xx_HAL_Driver/Src/stm32l4xx_hal_uart_ex.o
 .text.get_fattime
                0x080097a4       0x10 ./FATFS/App/fatfs.o
                0x080097a4                get_fattime
 .text.disk_status
                0x080097b4       0x34 ./Middlewares/Third_Party/FatFs/src/diskio.o
                0x080097b4                disk_status
 .text.disk_initialize
                0x080097e8       0x4c ./Middlewares/Third_Party/FatFs/src/diskio.o
                0x080097e8                disk_initialize
 .text.disk_read
                0x08009834       0x40 ./Middlewares/Third_Party/FatFs/src/diskio.o
                0x08009834                disk_read
 .text.disk_write
                0x08009874       0x40 ./Middlewares/Third_Party/FatFs/src/diskio.o
                0x08009874                disk_write
 .text.disk_ioctl
                0x080098b4       0x3c ./Middlewares/Third_Party/FatFs/src/diskio.o
                0x080098b4                disk_ioctl
 .text.ld_word  0x080098f0       0x32 ./Middlewares/Third_Party/FatFs/src/ff.o
 .text.ld_dword
                0x08009922       0x46 ./Middlewares/Third_Party/FatFs/src/ff.o
 .text.st_word  0x08009968       0x36 ./Middlewares/Third_Party/FatFs/src/ff.o
 .text.st_dword
                0x0800999e       0x58 ./Middlewares/Third_Party/FatFs/src/ff.o
 .text.mem_cpy  0x080099f6       0x42 ./Middlewares/Third_Party/FatFs/src/ff.o
 .text.mem_set  0x08009a38       0x36 ./Middlewares/Third_Party/FatFs/src/ff.o
 .text.mem_cmp  0x08009a6e       0x4e ./Middlewares/Third_Party/FatFs/src/ff.o
 .text.chk_chr  0x08009abc       0x36 ./Middlewares/Third_Party/FatFs/src/ff.o
 *fill*         0x08009af2        0x2 
 .text.chk_lock
                0x08009af4       0xb8 ./Middlewares/Third_Party/FatFs/src/ff.o
 .text.enq_lock
                0x08009bac       0x44 ./Middlewares/Third_Party/FatFs/src/ff.o
 .text.inc_lock
                0x08009bf0      0x11c ./Middlewares/Third_Party/FatFs/src/ff.o
 .text.dec_lock
                0x08009d0c       0x78 ./Middlewares/Third_Party/FatFs/src/ff.o
 .text.clear_lock
                0x08009d84       0x48 ./Middlewares/Third_Party/FatFs/src/ff.o
 .text.sync_window
                0x08009dcc       0x88 ./Middlewares/Third_Party/FatFs/src/ff.o
 .text.move_window
                0x08009e54       0x5a ./Middlewares/Third_Party/FatFs/src/ff.o
 *fill*         0x08009eae        0x2 
 .text.sync_fs  0x08009eb0       0xe0 ./Middlewares/Third_Party/FatFs/src/ff.o
 .text.clust2sect
                0x08009f90       0x3e ./Middlewares/Third_Party/FatFs/src/ff.o
 .text.get_fat  0x08009fce      0x1a6 ./Middlewares/Third_Party/FatFs/src/ff.o
 .text.put_fat  0x0800a174      0x234 ./Middlewares/Third_Party/FatFs/src/ff.o
 .text.remove_chain
                0x0800a3a8       0xca ./Middlewares/Third_Party/FatFs/src/ff.o
 .text.create_chain
                0x0800a472      0x130 ./Middlewares/Third_Party/FatFs/src/ff.o
 .text.clmt_clust
                0x0800a5a2       0x70 ./Middlewares/Third_Party/FatFs/src/ff.o
 .text.dir_sdi  0x0800a612      0x112 ./Middlewares/Third_Party/FatFs/src/ff.o
 .text.dir_next
                0x0800a724      0x1ac ./Middlewares/Third_Party/FatFs/src/ff.o
 .text.dir_alloc
                0x0800a8d0       0x8e ./Middlewares/Third_Party/FatFs/src/ff.o
 .text.ld_clust
                0x0800a95e       0x3e ./Middlewares/Third_Party/FatFs/src/ff.o
 .text.st_clust
                0x0800a99c       0x40 ./Middlewares/Third_Party/FatFs/src/ff.o
 .text.cmp_lfn  0x0800a9dc       0xe0 ./Middlewares/Third_Party/FatFs/src/ff.o
 .text.pick_lfn
                0x0800aabc       0xc8 ./Middlewares/Third_Party/FatFs/src/ff.o
 .text.put_lfn  0x0800ab84       0xd0 ./Middlewares/Third_Party/FatFs/src/ff.o
 .text.gen_numname
                0x0800ac54      0x11c ./Middlewares/Third_Party/FatFs/src/ff.o
 .text.sum_sfn  0x0800ad70       0x42 ./Middlewares/Third_Party/FatFs/src/ff.o
 .text.dir_read
                0x0800adb2      0x14e ./Middlewares/Third_Party/FatFs/src/ff.o
 .text.dir_find
                0x0800af00      0x180 ./Middlewares/Third_Party/FatFs/src/ff.o
 .text.dir_register
                0x0800b080      0x1f0 ./Middlewares/Third_Party/FatFs/src/ff.o
 .text.get_fileinfo
                0x0800b270      0x1bc ./Middlewares/Third_Party/FatFs/src/ff.o
 .text.create_name
                0x0800b42c      0x370 ./Middlewares/Third_Party/FatFs/src/ff.o
 .text.follow_path
                0x0800b79c       0xec ./Middlewares/Third_Party/FatFs/src/ff.o
 .text.get_ldnumber
                0x0800b888       0x88 ./Middlewares/Third_Party/FatFs/src/ff.o
 .text.check_fs
                0x0800b910       0xac ./Middlewares/Third_Party/FatFs/src/ff.o
 .text.find_volume
                0x0800b9bc      0x500 ./Middlewares/Third_Party/FatFs/src/ff.o
 .text.validate
                0x0800bebc       0x6a ./Middlewares/Third_Party/FatFs/src/ff.o
 *fill*         0x0800bf26        0x2 
 .text.f_mount  0x0800bf28       0x8c ./Middlewares/Third_Party/FatFs/src/ff.o
                0x0800bf28                f_mount
 .text.f_open   0x0800bfb4      0x3b0 ./Middlewares/Third_Party/FatFs/src/ff.o
                0x0800bfb4                f_open
 .text.f_read   0x0800c364      0x2be ./Middlewares/Third_Party/FatFs/src/ff.o
                0x0800c364                f_read
 .text.f_sync   0x0800c622       0xfc ./Middlewares/Third_Party/FatFs/src/ff.o
                0x0800c622                f_sync
 .text.f_close  0x0800c71e       0x54 ./Middlewares/Third_Party/FatFs/src/ff.o
                0x0800c71e                f_close
 .text.f_lseek  0x0800c772      0x448 ./Middlewares/Third_Party/FatFs/src/ff.o
                0x0800c772                f_lseek
 .text.f_opendir
                0x0800cbba      0x106 ./Middlewares/Third_Party/FatFs/src/ff.o
                0x0800cbba                f_opendir
 .text.f_readdir
                0x0800ccc0       0x9a ./Middlewares/Third_Party/FatFs/src/ff.o
                0x0800ccc0                f_readdir
 *fill*         0x0800cd5a        0x2 
 .text.FATFS_LinkDriverEx
                0x0800cd5c       0x98 ./Middlewares/Third_Party/FatFs/src/ff_gen_drv.o
                0x0800cd5c                FATFS_LinkDriverEx
 .text.FATFS_LinkDriver
                0x0800cdf4       0x1e ./Middlewares/Third_Party/FatFs/src/ff_gen_drv.o
                0x0800cdf4                FATFS_LinkDriver
 *fill*         0x0800ce12        0x2 
 .text.ff_convert
                0x0800ce14       0x78 ./Middlewares/Third_Party/FatFs/src/option/ccsbcs.o
                0x0800ce14                ff_convert
 .text.ff_wtoupper
                0x0800ce8c      0x114 ./Middlewares/Third_Party/FatFs/src/option/ccsbcs.o
                0x0800ce8c                ff_wtoupper
 .text.ff_memalloc
                0x0800cfa0       0x18 ./Middlewares/Third_Party/FatFs/src/option/syscall.o
                0x0800cfa0                ff_memalloc
 .text.ff_memfree
                0x0800cfb8       0x16 ./Middlewares/Third_Party/FatFs/src/option/syscall.o
                0x0800cfb8                ff_memfree
 .text._ZdlPvj  0x0800cfce        0x4 /opt/st/stm32cubeide_1.19.0/plugins/com.st.stm32cube.ide.mcu.externaltools.gnu-tools-for-stm32.13.3.rel1.linux64_1.0.0.202410170706/tools/bin/../lib/gcc/arm-none-eabi/13.3.1/../../../../arm-none-eabi/lib/thumb/v7e-m+fp/hard/libstdc++_nano.a(del_ops.o)
                0x0800cfce                operator delete(void*, unsigned int)
 .text._Znwj    0x0800cfd2       0x22 /opt/st/stm32cubeide_1.19.0/plugins/com.st.stm32cube.ide.mcu.externaltools.gnu-tools-for-stm32.13.3.rel1.linux64_1.0.0.202410170706/tools/bin/../lib/gcc/arm-none-eabi/13.3.1/../../../../arm-none-eabi/lib/thumb/v7e-m+fp/hard/libstdc++_nano.a(new_op.o)
                0x0800cfd2                operator new(unsigned int)
 .text.unlikely._ZSt17__throw_bad_allocv
                0x0800cff4        0x6 /opt/st/stm32cubeide_1.19.0/plugins/com.st.stm32cube.ide.mcu.externaltools.gnu-tools-for-stm32.13.3.rel1.linux64_1.0.0.202410170706/tools/bin/../lib/gcc/arm-none-eabi/13.3.1/../../../../arm-none-eabi/lib/thumb/v7e-m+fp/hard/libstdc++_nano.a(functexcept.o)
                0x0800cff4                std::__throw_bad_alloc()
 .text.unlikely._ZSt28__throw_bad_array_new_lengthv
                0x0800cffa        0x6 /opt/st/stm32cubeide_1.19.0/plugins/com.st.stm32cube.ide.mcu.externaltools.gnu-tools-for-stm32.13.3.rel1.linux64_1.0.0.202410170706/tools/bin/../lib/gcc/arm-none-eabi/13.3.1/../../../../arm-none-eabi/lib/thumb/v7e-m+fp/hard/libstdc++_nano.a(functexcept.o)
                0x0800cffa                std::__throw_bad_array_new_length()
 .text.unlikely._ZSt19__throw_logic_errorPKc
                0x0800d000        0x6 /opt/st/stm32cubeide_1.19.0/plugins/com.st.stm32cube.ide.mcu.externaltools.gnu-tools-for-stm32.13.3.rel1.linux64_1.0.0.202410170706/tools/bin/../lib/gcc/arm-none-eabi/13.3.1/../../../../arm-none-eabi/lib/thumb/v7e-m+fp/hard/libstdc++_nano.a(functexcept.o)
                0x0800d000                std::__throw_logic_error(char const*)
 .text.unlikely._ZSt20__throw_length_errorPKc
                0x0800d006        0x6 /opt/st/stm32cubeide_1.19.0/plugins/com.st.stm32cube.ide.mcu.externaltools.gnu-tools-for-stm32.13.3.rel1.linux64_1.0.0.202410170706/tools/bin/../lib/gcc/arm-none-eabi/13.3.1/../../../../arm-none-eabi/lib/thumb/v7e-m+fp/hard/libstdc++_nano.a(functexcept.o)
                0x0800d006                std::__throw_length_error(char const*)
 .text._ZNSt11char_traitsIcE4copyEPcPKcj.isra.0
                0x0800d00c        0x8 /opt/st/stm32cubeide_1.19.0/plugins/com.st.stm32cube.ide.mcu.externaltools.gnu-tools-for-stm32.13.3.rel1.linux64_1.0.0.202410170706/tools/bin/../lib/gcc/arm-none-eabi/13.3.1/../../../../arm-none-eabi/lib/thumb/v7e-m+fp/hard/libstdc++_nano.a(string-inst.o)
 .text._ZNSt7__cxx1112basic_stringIcSt11char_traitsIcESaIcEE11_S_allocateERS3_j
                0x0800d014       0x12 /opt/st/stm32cubeide_1.19.0/plugins/com.st.stm32cube.ide.mcu.externaltools.gnu-tools-for-stm32.13.3.rel1.linux64_1.0.0.202410170706/tools/bin/../lib/gcc/arm-none-eabi/13.3.1/../../../../arm-none-eabi/lib/thumb/v7e-m+fp/hard/libstdc++_nano.a(string-inst.o)
                0x0800d014                std::__cxx11::basic_string<char, std::char_traits<char>, std::allocator<char> >::_S_allocate(std::allocator<char>&, unsigned int)
 .text._ZNKSt7__cxx1112basic_stringIcSt11char_traitsIcESaIcEE11_M_is_localEv
                0x0800d026        0xc /opt/st/stm32cubeide_1.19.0/plugins/com.st.stm32cube.ide.mcu.externaltools.gnu-tools-for-stm32.13.3.rel1.linux64_1.0.0.202410170706/tools/bin/../lib/gcc/arm-none-eabi/13.3.1/../../../../arm-none-eabi/lib/thumb/v7e-m+fp/hard/libstdc++_nano.a(string-inst.o)
                0x0800d026                std::__cxx11::basic_string<char, std::char_traits<char>, std::allocator<char> >::_M_is_local() const
 *fill*         0x0800d032        0x2 
 .text._ZNSt7__cxx1112basic_stringIcSt11char_traitsIcESaIcEE9_M_createERjj